Component: ARM Compiler 5.06 update 7 (build 960) Tool: armlink [4d3601]

==============================================================================

Section Cross References

    startup_n32wb452.o(RESET) refers to startup_n32wb452.o(STACK) for __initial_sp
    startup_n32wb452.o(RESET) refers to startup_n32wb452.o(.text) for Reset_Handler
    startup_n32wb452.o(RESET) refers to n32wb452_it.o(.text) for NMI_Handler
    startup_n32wb452.o(.text) refers to system_n32wb452.o(.text) for SystemInit
    startup_n32wb452.o(.text) refers to entry.o(.ARM.Collect$$$$00000000) for __main
    system_n32wb452.o(.text) refers to system_n32wb452.o(.data) for .data
    system_n32wb452.o(.text) refers to system_n32wb452.o(.constdata) for .constdata
    n32wb452_gpio.o(.text) refers to n32wb452_rcc.o(.text) for RCC_EnableAPB2PeriphReset
    n32wb452_rcc.o(.text) refers to uidiv.o(.text) for __aeabi_uidivmod
    n32wb452_rcc.o(.text) refers to n32wb452_rcc.o(.constdata) for .constdata
    main.o(.text) refers to n32wb452_rcc.o(.text) for RCC_EnableAPB2PeriphClk
    main.o(.text) refers to n32wb452_gpio.o(.text) for GPIO_InitPeripheral
    entry.o(.ARM.Collect$$$$00000000) refers (Special) to entry10a.o(.ARM.Collect$$$$0000000F) for __rt_final_cpp
    entry.o(.ARM.Collect$$$$00000000) refers (Special) to entry11a.o(.ARM.Collect$$$$00000011) for __rt_final_exit
    entry.o(.ARM.Collect$$$$00000000) refers (Special) to entry12b.o(.ARM.Collect$$$$0000000E) for __rt_lib_shutdown_fini
    entry.o(.ARM.Collect$$$$00000000) refers (Special) to entry7b.o(.ARM.Collect$$$$00000008) for _main_clock
    entry.o(.ARM.Collect$$$$00000000) refers (Special) to entry8b.o(.ARM.Collect$$$$0000000A) for _main_cpp_init
    entry.o(.ARM.Collect$$$$00000000) refers (Special) to entry9a.o(.ARM.Collect$$$$0000000B) for _main_init
    entry.o(.ARM.Collect$$$$00000000) refers (Special) to entry5.o(.ARM.Collect$$$$00000004) for _main_scatterload
    entry.o(.ARM.Collect$$$$00000000) refers (Special) to entry2.o(.ARM.Collect$$$$00000001) for _main_stk
    entry2.o(.ARM.Collect$$$$00000001) refers to entry2.o(.ARM.Collect$$$$00002712) for __lit__00000000
    entry2.o(.ARM.Collect$$$$00002712) refers to startup_n32wb452.o(STACK) for __initial_sp
    entry2.o(__vectab_stack_and_reset_area) refers to startup_n32wb452.o(STACK) for __initial_sp
    entry2.o(__vectab_stack_and_reset_area) refers to entry.o(.ARM.Collect$$$$00000000) for __main
    entry5.o(.ARM.Collect$$$$00000004) refers to init.o(.text) for __scatterload
    entry9a.o(.ARM.Collect$$$$0000000B) refers to main.o(.text) for main
    entry9b.o(.ARM.Collect$$$$0000000C) refers to main.o(.text) for main
    init.o(.text) refers to entry5.o(.ARM.Collect$$$$00000004) for __main_after_scatterload


==============================================================================

Removing Unused input sections from the image.

    Removing startup_n32wb452.o(HEAP), (2048 bytes).
    Removing system_n32wb452.o(.rev16_text), (4 bytes).
    Removing system_n32wb452.o(.revsh_text), (4 bytes).
    Removing n32wb452_gpio.o(.rev16_text), (4 bytes).
    Removing n32wb452_gpio.o(.revsh_text), (4 bytes).
    Removing n32wb452_rcc.o(.rev16_text), (4 bytes).
    Removing n32wb452_rcc.o(.revsh_text), (4 bytes).
    Removing main.o(.rev16_text), (4 bytes).
    Removing main.o(.revsh_text), (4 bytes).
    Removing n32wb452_it.o(.rev16_text), (4 bytes).
    Removing n32wb452_it.o(.revsh_text), (4 bytes).

11 unused section(s) (total 2088 bytes) removed from the image.

==============================================================================

Image Symbol Table

    Local Symbols

    Symbol Name                              Value     Ov Type        Size  Object(Section)

    ../clib/microlib/division.c              0x00000000   Number         0  uidiv.o ABSOLUTE
    ../clib/microlib/init/entry.s            0x00000000   Number         0  entry8b.o ABSOLUTE
    ../clib/microlib/init/entry.s            0x00000000   Number         0  entry9a.o ABSOLUTE
    ../clib/microlib/init/entry.s            0x00000000   Number         0  entry11b.o ABSOLUTE
    ../clib/microlib/init/entry.s            0x00000000   Number         0  entry11a.o ABSOLUTE
    ../clib/microlib/init/entry.s            0x00000000   Number         0  entry10b.o ABSOLUTE
    ../clib/microlib/init/entry.s            0x00000000   Number         0  entry10a.o ABSOLUTE
    ../clib/microlib/init/entry.s            0x00000000   Number         0  entry9b.o ABSOLUTE
    ../clib/microlib/init/entry.s            0x00000000   Number         0  entry12a.o ABSOLUTE
    ../clib/microlib/init/entry.s            0x00000000   Number         0  entry.o ABSOLUTE
    ../clib/microlib/init/entry.s            0x00000000   Number         0  entry8a.o ABSOLUTE
    ../clib/microlib/init/entry.s            0x00000000   Number         0  entry7b.o ABSOLUTE
    ../clib/microlib/init/entry.s            0x00000000   Number         0  entry7a.o ABSOLUTE
    ../clib/microlib/init/entry.s            0x00000000   Number         0  entry5.o ABSOLUTE
    ../clib/microlib/init/entry.s            0x00000000   Number         0  entry2.o ABSOLUTE
    ../clib/microlib/init/entry.s            0x00000000   Number         0  entry12b.o ABSOLUTE
    ..\\firmware\\CMSIS\\device\\system_n32wb452.c 0x00000000   Number         0  system_n32wb452.o ABSOLUTE
    ..\\firmware\\n32wb452_std_periph_driver\\src\\n32wb452_gpio.c 0x00000000   Number         0  n32wb452_gpio.o ABSOLUTE
    ..\\firmware\\n32wb452_std_periph_driver\\src\\n32wb452_rcc.c 0x00000000   Number         0  n32wb452_rcc.o ABSOLUTE
    ..\\src\\main.c                          0x00000000   Number         0  main.o ABSOLUTE
    ..\\src\\n32wb452_it.c                   0x00000000   Number         0  n32wb452_it.o ABSOLUTE
    ..\firmware\CMSIS\device\startup\startup_n32wb452.s 0x00000000   Number         0  startup_n32wb452.o ABSOLUTE
    ..\firmware\CMSIS\device\system_n32wb452.c 0x00000000   Number         0  system_n32wb452.o ABSOLUTE
    ..\firmware\n32wb452_std_periph_driver\src\n32wb452_gpio.c 0x00000000   Number         0  n32wb452_gpio.o ABSOLUTE
    ..\firmware\n32wb452_std_periph_driver\src\n32wb452_rcc.c 0x00000000   Number         0  n32wb452_rcc.o ABSOLUTE
    ..\src\main.c                            0x00000000   Number         0  main.o ABSOLUTE
    ..\src\n32wb452_it.c                     0x00000000   Number         0  n32wb452_it.o ABSOLUTE
    dc.s                                     0x00000000   Number         0  dc.o ABSOLUTE
    handlers.s                               0x00000000   Number         0  handlers.o ABSOLUTE
    init.s                                   0x00000000   Number         0  init.o ABSOLUTE
    RESET                                    0x01000000   Section      408  startup_n32wb452.o(RESET)
    .ARM.Collect$$$$00000000                 0x01000198   Section        0  entry.o(.ARM.Collect$$$$00000000)
    .ARM.Collect$$$$00000001                 0x01000198   Section        4  entry2.o(.ARM.Collect$$$$00000001)
    .ARM.Collect$$$$00000004                 0x0100019c   Section        4  entry5.o(.ARM.Collect$$$$00000004)
    .ARM.Collect$$$$00000008                 0x010001a0   Section        0  entry7b.o(.ARM.Collect$$$$00000008)
    .ARM.Collect$$$$0000000A                 0x010001a0   Section        0  entry8b.o(.ARM.Collect$$$$0000000A)
    .ARM.Collect$$$$0000000B                 0x010001a0   Section        8  entry9a.o(.ARM.Collect$$$$0000000B)
    .ARM.Collect$$$$0000000E                 0x010001a8   Section        4  entry12b.o(.ARM.Collect$$$$0000000E)
    .ARM.Collect$$$$0000000F                 0x010001ac   Section        0  entry10a.o(.ARM.Collect$$$$0000000F)
    .ARM.Collect$$$$00000011                 0x010001ac   Section        0  entry11a.o(.ARM.Collect$$$$00000011)
    .ARM.Collect$$$$00002712                 0x010001ac   Section        4  entry2.o(.ARM.Collect$$$$00002712)
    __lit__00000000                          0x010001ac   Data           4  entry2.o(.ARM.Collect$$$$00002712)
    .text                                    0x010001b0   Section       36  startup_n32wb452.o(.text)
    RESERVE47_IRQHandler                     0x010001cb   Thumb Code     0  startup_n32wb452.o(.text)
    RESERVE48_IRQHandler                     0x010001cb   Thumb Code     0  startup_n32wb452.o(.text)
    RESERVE61_IRQHandler                     0x010001cb   Thumb Code     0  startup_n32wb452.o(.text)
    RESERVE62_IRQHandler                     0x010001cb   Thumb Code     0  startup_n32wb452.o(.text)
    RESERVE67_IRQHandler                     0x010001cb   Thumb Code     0  startup_n32wb452.o(.text)
    RESERVE82_IRQHandler                     0x010001cb   Thumb Code     0  startup_n32wb452.o(.text)
    RESERVE83_IRQHandler                     0x010001cb   Thumb Code     0  startup_n32wb452.o(.text)
    RESERVE84_IRQHandler                     0x010001cb   Thumb Code     0  startup_n32wb452.o(.text)
    .text                                    0x010001d4   Section        0  system_n32wb452.o(.text)
    SetVDDDBKTrim                            0x010001d5   Thumb Code    58  system_n32wb452.o(.text)
    SetSysClock                              0x0100020f   Thumb Code   140  system_n32wb452.o(.text)
    .text                                    0x010003cc   Section        0  n32wb452_gpio.o(.text)
    .text                                    0x0100070c   Section        0  n32wb452_rcc.o(.text)
    RCC_SetHSITrim                           0x01000c0d   Thumb Code    16  n32wb452_rcc.o(.text)
    .text                                    0x01000c58   Section        0  main.o(.text)
    .text                                    0x01000d54   Section        0  n32wb452_it.o(.text)
    .text                                    0x01000d66   Section        0  uidiv.o(.text)
    .text                                    0x01000d94   Section       36  init.o(.text)
    i.__scatterload_copy                     0x01000db8   Section       14  handlers.o(i.__scatterload_copy)
    i.__scatterload_null                     0x01000dc6   Section        2  handlers.o(i.__scatterload_null)
    i.__scatterload_zeroinit                 0x01000dc8   Section       14  handlers.o(i.__scatterload_zeroinit)
    .constdata                               0x01000dd6   Section       16  system_n32wb452.o(.constdata)
    .constdata                               0x01000de6   Section       64  n32wb452_rcc.o(.constdata)
    s_ApbAhbPresTable                        0x01000de6   Data          16  n32wb452_rcc.o(.constdata)
    s_AdcHclkPresTable                       0x01000df6   Data          16  n32wb452_rcc.o(.constdata)
    s_AdcPllClkPresTable                     0x01000e06   Data          32  n32wb452_rcc.o(.constdata)
    .data                                    0x20000000   Section        4  system_n32wb452.o(.data)
    STACK                                    0x20000008   Section     5120  startup_n32wb452.o(STACK)

    Global Symbols

    Symbol Name                              Value     Ov Type        Size  Object(Section)

    BuildAttributes$$THM_ISAv3M$S$PE$A:L22$X:L11$S22$IEEE1$IW$USESV6$~STKCKD$USESV7$~SHL$OSPACE$EBA8$MICROLIB$REQ8$PRES8$EABIv2 0x00000000   Number         0  anon$$obj.o ABSOLUTE
    __ARM_use_no_argv                        0x00000000   Number         0  main.o ABSOLUTE
    __arm_fini_                               - Undefined Weak Reference
    __cpp_initialize__aeabi_                  - Undefined Weak Reference
    __cxa_finalize                            - Undefined Weak Reference
    __decompress                              - Undefined Weak Reference
    _clock_init                               - Undefined Weak Reference
    _microlib_exit                            - Undefined Weak Reference
    __Vectors_Size                           0x00000198   Number         0  startup_n32wb452.o ABSOLUTE
    __Vectors                                0x01000000   Data           4  startup_n32wb452.o(RESET)
    __Vectors_End                            0x01000198   Data           0  startup_n32wb452.o(RESET)
    __main                                   0x01000199   Thumb Code     0  entry.o(.ARM.Collect$$$$00000000)
    _main_stk                                0x01000199   Thumb Code     0  entry2.o(.ARM.Collect$$$$00000001)
    _main_scatterload                        0x0100019d   Thumb Code     0  entry5.o(.ARM.Collect$$$$00000004)
    __main_after_scatterload                 0x010001a1   Thumb Code     0  entry5.o(.ARM.Collect$$$$00000004)
    _main_clock                              0x010001a1   Thumb Code     0  entry7b.o(.ARM.Collect$$$$00000008)
    _main_cpp_init                           0x010001a1   Thumb Code     0  entry8b.o(.ARM.Collect$$$$0000000A)
    _main_init                               0x010001a1   Thumb Code     0  entry9a.o(.ARM.Collect$$$$0000000B)
    __rt_lib_shutdown_fini                   0x010001a9   Thumb Code     0  entry12b.o(.ARM.Collect$$$$0000000E)
    __rt_final_cpp                           0x010001ad   Thumb Code     0  entry10a.o(.ARM.Collect$$$$0000000F)
    __rt_final_exit                          0x010001ad   Thumb Code     0  entry11a.o(.ARM.Collect$$$$00000011)
    Reset_Handler                            0x010001b1   Thumb Code     8  startup_n32wb452.o(.text)
    PendSV_Handler                           0x010001c7   Thumb Code     2  startup_n32wb452.o(.text)
    ADC1_2_IRQHandler                        0x010001cb   Thumb Code     0  startup_n32wb452.o(.text)
    CAN1_RX1_IRQHandler                      0x010001cb   Thumb Code     0  startup_n32wb452.o(.text)
    CAN1_SCE_IRQHandler                      0x010001cb   Thumb Code     0  startup_n32wb452.o(.text)
    CAN2_RX0_IRQHandler                      0x010001cb   Thumb Code     0  startup_n32wb452.o(.text)
    CAN2_RX1_IRQHandler                      0x010001cb   Thumb Code     0  startup_n32wb452.o(.text)
    CAN2_SCE_IRQHandler                      0x010001cb   Thumb Code     0  startup_n32wb452.o(.text)
    CAN2_TX_IRQHandler                       0x010001cb   Thumb Code     0  startup_n32wb452.o(.text)
    DMA1_Channel1_IRQHandler                 0x010001cb   Thumb Code     0  startup_n32wb452.o(.text)
    DMA1_Channel2_IRQHandler                 0x010001cb   Thumb Code     0  startup_n32wb452.o(.text)
    DMA1_Channel3_IRQHandler                 0x010001cb   Thumb Code     0  startup_n32wb452.o(.text)
    DMA1_Channel4_IRQHandler                 0x010001cb   Thumb Code     0  startup_n32wb452.o(.text)
    DMA1_Channel5_IRQHandler                 0x010001cb   Thumb Code     0  startup_n32wb452.o(.text)
    DMA1_Channel6_IRQHandler                 0x010001cb   Thumb Code     0  startup_n32wb452.o(.text)
    DMA1_Channel7_IRQHandler                 0x010001cb   Thumb Code     0  startup_n32wb452.o(.text)
    DMA1_Channel8_IRQHandler                 0x010001cb   Thumb Code     0  startup_n32wb452.o(.text)
    DMA2_Channel1_IRQHandler                 0x010001cb   Thumb Code     0  startup_n32wb452.o(.text)
    DMA2_Channel2_IRQHandler                 0x010001cb   Thumb Code     0  startup_n32wb452.o(.text)
    DMA2_Channel3_IRQHandler                 0x010001cb   Thumb Code     0  startup_n32wb452.o(.text)
    DMA2_Channel4_IRQHandler                 0x010001cb   Thumb Code     0  startup_n32wb452.o(.text)
    DMA2_Channel5_IRQHandler                 0x010001cb   Thumb Code     0  startup_n32wb452.o(.text)
    DMA2_Channel6_IRQHandler                 0x010001cb   Thumb Code     0  startup_n32wb452.o(.text)
    DMA2_Channel7_IRQHandler                 0x010001cb   Thumb Code     0  startup_n32wb452.o(.text)
    DMA2_Channel8_IRQHandler                 0x010001cb   Thumb Code     0  startup_n32wb452.o(.text)
    DVP_IRQHandler                           0x010001cb   Thumb Code     0  startup_n32wb452.o(.text)
    EXTI0_IRQHandler                         0x010001cb   Thumb Code     0  startup_n32wb452.o(.text)
    EXTI15_10_IRQHandler                     0x010001cb   Thumb Code     0  startup_n32wb452.o(.text)
    EXTI1_IRQHandler                         0x010001cb   Thumb Code     0  startup_n32wb452.o(.text)
    EXTI2_IRQHandler                         0x010001cb   Thumb Code     0  startup_n32wb452.o(.text)
    EXTI3_IRQHandler                         0x010001cb   Thumb Code     0  startup_n32wb452.o(.text)
    EXTI4_IRQHandler                         0x010001cb   Thumb Code     0  startup_n32wb452.o(.text)
    EXTI9_5_IRQHandler                       0x010001cb   Thumb Code     0  startup_n32wb452.o(.text)
    FLASH_IRQHandler                         0x010001cb   Thumb Code     0  startup_n32wb452.o(.text)
    I2C1_ER_IRQHandler                       0x010001cb   Thumb Code     0  startup_n32wb452.o(.text)
    I2C1_EV_IRQHandler                       0x010001cb   Thumb Code     0  startup_n32wb452.o(.text)
    I2C2_ER_IRQHandler                       0x010001cb   Thumb Code     0  startup_n32wb452.o(.text)
    I2C2_EV_IRQHandler                       0x010001cb   Thumb Code     0  startup_n32wb452.o(.text)
    I2C3_ER_IRQHandler                       0x010001cb   Thumb Code     0  startup_n32wb452.o(.text)
    I2C3_EV_IRQHandler                       0x010001cb   Thumb Code     0  startup_n32wb452.o(.text)
    I2C4_ER_IRQHandler                       0x010001cb   Thumb Code     0  startup_n32wb452.o(.text)
    I2C4_EV_IRQHandler                       0x010001cb   Thumb Code     0  startup_n32wb452.o(.text)
    MMU_IRQHandler                           0x010001cb   Thumb Code     0  startup_n32wb452.o(.text)
    PVD_IRQHandler                           0x010001cb   Thumb Code     0  startup_n32wb452.o(.text)
    RCC_IRQHandler                           0x010001cb   Thumb Code     0  startup_n32wb452.o(.text)
    RSRAM_IRQHandler                         0x010001cb   Thumb Code     0  startup_n32wb452.o(.text)
    RTCAlarm_IRQHandler                      0x010001cb   Thumb Code     0  startup_n32wb452.o(.text)
    RTC_WKUP_IRQHandler                      0x010001cb   Thumb Code     0  startup_n32wb452.o(.text)
    SAC_IRQHandler                           0x010001cb   Thumb Code     0  startup_n32wb452.o(.text)
    SDIO_IRQHandler                          0x010001cb   Thumb Code     0  startup_n32wb452.o(.text)
    SPI1_IRQHandler                          0x010001cb   Thumb Code     0  startup_n32wb452.o(.text)
    SPI2_IRQHandler                          0x010001cb   Thumb Code     0  startup_n32wb452.o(.text)
    SPI3_IRQHandler                          0x010001cb   Thumb Code     0  startup_n32wb452.o(.text)
    TAMPER_IRQHandler                        0x010001cb   Thumb Code     0  startup_n32wb452.o(.text)
    TIM1_BRK_IRQHandler                      0x010001cb   Thumb Code     0  startup_n32wb452.o(.text)
    TIM1_CC_IRQHandler                       0x010001cb   Thumb Code     0  startup_n32wb452.o(.text)
    TIM1_TRG_COM_IRQHandler                  0x010001cb   Thumb Code     0  startup_n32wb452.o(.text)
    TIM1_UP_IRQHandler                       0x010001cb   Thumb Code     0  startup_n32wb452.o(.text)
    TIM2_IRQHandler                          0x010001cb   Thumb Code     0  startup_n32wb452.o(.text)
    TIM3_IRQHandler                          0x010001cb   Thumb Code     0  startup_n32wb452.o(.text)
    TIM4_IRQHandler                          0x010001cb   Thumb Code     0  startup_n32wb452.o(.text)
    TIM5_IRQHandler                          0x010001cb   Thumb Code     0  startup_n32wb452.o(.text)
    TIM6_IRQHandler                          0x010001cb   Thumb Code     0  startup_n32wb452.o(.text)
    TIM7_IRQHandler                          0x010001cb   Thumb Code     0  startup_n32wb452.o(.text)
    TIM8_BRK_IRQHandler                      0x010001cb   Thumb Code     0  startup_n32wb452.o(.text)
    TIM8_CC_IRQHandler                       0x010001cb   Thumb Code     0  startup_n32wb452.o(.text)
    TIM8_TRG_COM_IRQHandler                  0x010001cb   Thumb Code     0  startup_n32wb452.o(.text)
    TIM8_UP_IRQHandler                       0x010001cb   Thumb Code     0  startup_n32wb452.o(.text)
    TSC_IRQHandler                           0x010001cb   Thumb Code     0  startup_n32wb452.o(.text)
    UART4_IRQHandler                         0x010001cb   Thumb Code     0  startup_n32wb452.o(.text)
    UART5_IRQHandler                         0x010001cb   Thumb Code     0  startup_n32wb452.o(.text)
    UART6_IRQHandler                         0x010001cb   Thumb Code     0  startup_n32wb452.o(.text)
    UART7_IRQHandler                         0x010001cb   Thumb Code     0  startup_n32wb452.o(.text)
    USART1_IRQHandler                        0x010001cb   Thumb Code     0  startup_n32wb452.o(.text)
    USART2_IRQHandler                        0x010001cb   Thumb Code     0  startup_n32wb452.o(.text)
    USART3_IRQHandler                        0x010001cb   Thumb Code     0  startup_n32wb452.o(.text)
    USBWakeUp_IRQHandler                     0x010001cb   Thumb Code     0  startup_n32wb452.o(.text)
    USB_HP_CAN1_TX_IRQHandler                0x010001cb   Thumb Code     0  startup_n32wb452.o(.text)
    USB_LP_CAN1_RX0_IRQHandler               0x010001cb   Thumb Code     0  startup_n32wb452.o(.text)
    WWDG_IRQHandler                          0x010001cb   Thumb Code     0  startup_n32wb452.o(.text)
    SystemInit                               0x0100029b   Thumb Code   120  system_n32wb452.o(.text)
    SystemCoreClockUpdate                    0x01000313   Thumb Code   118  system_n32wb452.o(.text)
    GPIO_DeInit                              0x010003cd   Thumb Code   122  n32wb452_gpio.o(.text)
    GPIO_AFIOInitDefault                     0x01000447   Thumb Code    20  n32wb452_gpio.o(.text)
    GPIO_InitPeripheral                      0x0100045b   Thumb Code   146  n32wb452_gpio.o(.text)
    GPIO_InitStruct                          0x010004ed   Thumb Code    16  n32wb452_gpio.o(.text)
    GPIO_ReadInputDataBit                    0x010004fd   Thumb Code    14  n32wb452_gpio.o(.text)
    GPIO_ReadInputData                       0x0100050b   Thumb Code     6  n32wb452_gpio.o(.text)
    GPIO_ReadOutputDataBit                   0x01000511   Thumb Code    14  n32wb452_gpio.o(.text)
    GPIO_ReadOutputData                      0x0100051f   Thumb Code     6  n32wb452_gpio.o(.text)
    GPIO_SetBits                             0x01000525   Thumb Code     4  n32wb452_gpio.o(.text)
    GPIO_SetBitsHigh16                       0x01000529   Thumb Code     4  n32wb452_gpio.o(.text)
    GPIO_ResetBits                           0x0100052d   Thumb Code     4  n32wb452_gpio.o(.text)
    GPIO_WriteBit                            0x01000531   Thumb Code    12  n32wb452_gpio.o(.text)
    GPIO_Write                               0x0100053d   Thumb Code     4  n32wb452_gpio.o(.text)
    GPIO_ConfigPinLock                       0x01000541   Thumb Code    18  n32wb452_gpio.o(.text)
    GPIO_ConfigEventOutput                   0x01000553   Thumb Code    20  n32wb452_gpio.o(.text)
    GPIO_CtrlEventOutput                     0x01000567   Thumb Code     6  n32wb452_gpio.o(.text)
    GPIO_ConfigPinRemap                      0x0100056d   Thumb Code   346  n32wb452_gpio.o(.text)
    GPIO_ConfigEXTILine                      0x010006c7   Thumb Code    34  n32wb452_gpio.o(.text)
    RCC_DeInit                               0x0100070d   Thumb Code    64  n32wb452_rcc.o(.text)
    RCC_ConfigHse                            0x0100074d   Thumb Code    54  n32wb452_rcc.o(.text)
    RCC_GetFlagStatus                        0x01000783   Thumb Code    42  n32wb452_rcc.o(.text)
    RCC_WaitHseStable                        0x010007ad   Thumb Code    50  n32wb452_rcc.o(.text)
    RCC_SetHsiCalibValue                     0x010007df   Thumb Code    16  n32wb452_rcc.o(.text)
    RCC_EnableHsi                            0x010007ef   Thumb Code     6  n32wb452_rcc.o(.text)
    RCC_ConfigPll                            0x010007f5   Thumb Code    18  n32wb452_rcc.o(.text)
    RCC_EnablePll                            0x01000807   Thumb Code     8  n32wb452_rcc.o(.text)
    RCC_ConfigSysclk                         0x0100080f   Thumb Code    14  n32wb452_rcc.o(.text)
    RCC_GetSysclkSrc                         0x0100081d   Thumb Code    10  n32wb452_rcc.o(.text)
    RCC_ConfigHclk                           0x01000827   Thumb Code    14  n32wb452_rcc.o(.text)
    RCC_ConfigPclk1                          0x01000835   Thumb Code    16  n32wb452_rcc.o(.text)
    RCC_ConfigPclk2                          0x01000845   Thumb Code    18  n32wb452_rcc.o(.text)
    RCC_ConfigInt                            0x01000857   Thumb Code    22  n32wb452_rcc.o(.text)
    RCC_ConfigUsbClk                         0x0100086d   Thumb Code    12  n32wb452_rcc.o(.text)
    RCC_ConfigTim18Clk                       0x01000879   Thumb Code    14  n32wb452_rcc.o(.text)
    RCC_ConfigRngcClk                        0x01000887   Thumb Code    16  n32wb452_rcc.o(.text)
    RCC_ConfigAdc1mClk                       0x01000897   Thumb Code    24  n32wb452_rcc.o(.text)
    RCC_ConfigAdcPllClk                      0x010008af   Thumb Code    32  n32wb452_rcc.o(.text)
    RCC_ConfigAdcHclk                        0x010008cf   Thumb Code    14  n32wb452_rcc.o(.text)
    RCC_ConfigTrng1mClk                      0x010008dd   Thumb Code    26  n32wb452_rcc.o(.text)
    RCC_EnableTrng1mClk                      0x010008f7   Thumb Code    26  n32wb452_rcc.o(.text)
    RCC_ConfigLse                            0x01000911   Thumb Code    30  n32wb452_rcc.o(.text)
    RCC_EnableLsi                            0x0100092f   Thumb Code     6  n32wb452_rcc.o(.text)
    RCC_ConfigRtcClk                         0x01000935   Thumb Code    20  n32wb452_rcc.o(.text)
    RCC_EnableRtcClk                         0x01000949   Thumb Code     8  n32wb452_rcc.o(.text)
    RCC_GetClocksFreqValue                   0x01000951   Thumb Code   198  n32wb452_rcc.o(.text)
    RCC_EnableAHBPeriphClk                   0x01000a17   Thumb Code    22  n32wb452_rcc.o(.text)
    RCC_EnableAPB2PeriphClk                  0x01000a2d   Thumb Code    22  n32wb452_rcc.o(.text)
    RCC_EnableAPB1PeriphClk                  0x01000a43   Thumb Code    22  n32wb452_rcc.o(.text)
    RCC_EnableAHBPeriphReset                 0x01000a59   Thumb Code    22  n32wb452_rcc.o(.text)
    RCC_EnableAPB2PeriphReset                0x01000a6f   Thumb Code    22  n32wb452_rcc.o(.text)
    RCC_EnableAPB1PeriphReset                0x01000a85   Thumb Code    22  n32wb452_rcc.o(.text)
    RCC_EnableBORReset                       0x01000a9b   Thumb Code    24  n32wb452_rcc.o(.text)
    RCC_EnableBackupReset                    0x01000ab3   Thumb Code     8  n32wb452_rcc.o(.text)
    RCC_EnableClockSecuritySystem            0x01000abb   Thumb Code     8  n32wb452_rcc.o(.text)
    RCC_ConfigMcoPllClk                      0x01000ac3   Thumb Code    14  n32wb452_rcc.o(.text)
    RCC_ConfigMco                            0x01000ad1   Thumb Code    18  n32wb452_rcc.o(.text)
    RCC_ClrFlag                              0x01000ae3   Thumb Code    66  n32wb452_rcc.o(.text)
    RCC_GetIntStatus                         0x01000b25   Thumb Code    16  n32wb452_rcc.o(.text)
    RCC_ClrIntPendingBit                     0x01000b35   Thumb Code     6  n32wb452_rcc.o(.text)
    RCC_SYSCLKConfigFromSTOP                 0x01000b3b   Thumb Code   200  n32wb452_rcc.o(.text)
    RCC_GetCurHSITrim                        0x01000c03   Thumb Code    10  n32wb452_rcc.o(.text)
    RCC_ConfigHSITrim                        0x01000c1d   Thumb Code    46  n32wb452_rcc.o(.text)
    Delay                                    0x01000c59   Thumb Code    10  main.o(.text)
    LedInit                                  0x01000c63   Thumb Code   104  main.o(.text)
    LedOn                                    0x01000ccb   Thumb Code     4  main.o(.text)
    LedOff                                   0x01000ccf   Thumb Code     4  main.o(.text)
    LedOnOff                                 0x01000cd3   Thumb Code     4  main.o(.text)
    LedBlink                                 0x01000cd7   Thumb Code     8  main.o(.text)
    main                                     0x01000cdf   Thumb Code    88  main.o(.text)
    NMI_Handler                              0x01000d55   Thumb Code     2  n32wb452_it.o(.text)
    HardFault_Handler                        0x01000d57   Thumb Code     2  n32wb452_it.o(.text)
    MemManage_Handler                        0x01000d59   Thumb Code     2  n32wb452_it.o(.text)
    BusFault_Handler                         0x01000d5b   Thumb Code     2  n32wb452_it.o(.text)
    UsageFault_Handler                       0x01000d5d   Thumb Code     2  n32wb452_it.o(.text)
    SVC_Handler                              0x01000d5f   Thumb Code     2  n32wb452_it.o(.text)
    DebugMon_Handler                         0x01000d61   Thumb Code     2  n32wb452_it.o(.text)
    SysTick_Handler                          0x01000d63   Thumb Code     2  n32wb452_it.o(.text)
    DMA_IRQ_HANDLER                          0x01000d65   Thumb Code     2  n32wb452_it.o(.text)
    __aeabi_uidiv                            0x01000d67   Thumb Code     0  uidiv.o(.text)
    __aeabi_uidivmod                         0x01000d67   Thumb Code    44  uidiv.o(.text)
    __scatterload                            0x01000d95   Thumb Code    28  init.o(.text)
    __scatterload_rt2                        0x01000d95   Thumb Code     0  init.o(.text)
    __scatterload_copy                       0x01000db9   Thumb Code    14  handlers.o(i.__scatterload_copy)
    __scatterload_null                       0x01000dc7   Thumb Code     2  handlers.o(i.__scatterload_null)
    __scatterload_zeroinit                   0x01000dc9   Thumb Code    14  handlers.o(i.__scatterload_zeroinit)
    AHBPrescTable                            0x01000dd6   Data          16  system_n32wb452.o(.constdata)
    Region$$Table$$Base                      0x01000e28   Number         0  anon$$obj.o(Region$$Table)
    Region$$Table$$Limit                     0x01000e48   Number         0  anon$$obj.o(Region$$Table)
    SystemCoreClock                          0x20000000   Data           4  system_n32wb452.o(.data)
    __initial_sp                             0x20001408   Data           0  startup_n32wb452.o(STACK)



==============================================================================

Memory Map of the image

  Image Entry point : 0x01000199

  Load Region LR_IROM1 (Base: 0x01000000, Size: 0x00000e4c, Max: 0x00040000, ABSOLUTE)

    Execution Region ER_IROM1 (Exec base: 0x01000000, Load base: 0x01000000, Size: 0x00000e48, Max: 0x00040000, ABSOLUTE)

    Exec Addr    Load Addr    Size         Type   Attr      Idx    E Section Name        Object

    0x01000000   0x01000000   0x00000198   Data   RO            3    RESET               startup_n32wb452.o
    0x01000198   0x01000198   0x00000000   Code   RO          228  * .ARM.Collect$$$$00000000  mc_p.l(entry.o)
    0x01000198   0x01000198   0x00000004   Code   RO          233    .ARM.Collect$$$$00000001  mc_p.l(entry2.o)
    0x0100019c   0x0100019c   0x00000004   Code   RO          236    .ARM.Collect$$$$00000004  mc_p.l(entry5.o)
    0x010001a0   0x010001a0   0x00000000   Code   RO          238    .ARM.Collect$$$$00000008  mc_p.l(entry7b.o)
    0x010001a0   0x010001a0   0x00000000   Code   RO          240    .ARM.Collect$$$$0000000A  mc_p.l(entry8b.o)
    0x010001a0   0x010001a0   0x00000008   Code   RO          241    .ARM.Collect$$$$0000000B  mc_p.l(entry9a.o)
    0x010001a8   0x010001a8   0x00000004   Code   RO          248    .ARM.Collect$$$$0000000E  mc_p.l(entry12b.o)
    0x010001ac   0x010001ac   0x00000000   Code   RO          243    .ARM.Collect$$$$0000000F  mc_p.l(entry10a.o)
    0x010001ac   0x010001ac   0x00000000   Code   RO          245    .ARM.Collect$$$$00000011  mc_p.l(entry11a.o)
    0x010001ac   0x010001ac   0x00000004   Code   RO          234    .ARM.Collect$$$$00002712  mc_p.l(entry2.o)
    0x010001b0   0x010001b0   0x00000024   Code   RO            4    .text               startup_n32wb452.o
    0x010001d4   0x010001d4   0x000001f8   Code   RO           12    .text               system_n32wb452.o
    0x010003cc   0x010003cc   0x00000340   Code   RO          134    .text               n32wb452_gpio.o
    0x0100070c   0x0100070c   0x0000054c   Code   RO          158    .text               n32wb452_rcc.o
    0x01000c58   0x01000c58   0x000000fc   Code   RO          180    .text               main.o
    0x01000d54   0x01000d54   0x00000012   Code   RO          207    .text               n32wb452_it.o
    0x01000d66   0x01000d66   0x0000002c   Code   RO          231    .text               mc_p.l(uidiv.o)
    0x01000d92   0x01000d92   0x00000002   PAD
    0x01000d94   0x01000d94   0x00000024   Code   RO          249    .text               mc_p.l(init.o)
    0x01000db8   0x01000db8   0x0000000e   Code   RO          253    i.__scatterload_copy  mc_p.l(handlers.o)
    0x01000dc6   0x01000dc6   0x00000002   Code   RO          254    i.__scatterload_null  mc_p.l(handlers.o)
    0x01000dc8   0x01000dc8   0x0000000e   Code   RO          255    i.__scatterload_zeroinit  mc_p.l(handlers.o)
    0x01000dd6   0x01000dd6   0x00000010   Data   RO           13    .constdata          system_n32wb452.o
    0x01000de6   0x01000de6   0x00000040   Data   RO          159    .constdata          n32wb452_rcc.o
    0x01000e26   0x01000e26   0x00000002   PAD
    0x01000e28   0x01000e28   0x00000020   Data   RO          251    Region$$Table       anon$$obj.o


    Execution Region RW_IRAM1 (Exec base: 0x20000000, Load base: 0x01000e48, Size: 0x00001408, Max: 0x00008000, ABSOLUTE)

    Exec Addr    Load Addr    Size         Type   Attr      Idx    E Section Name        Object

    0x20000000   0x01000e48   0x00000004   Data   RW           14    .data               system_n32wb452.o
    0x20000004   0x01000e4c   0x00000004   PAD
    0x20000008        -       0x00001400   Zero   RW            1    STACK               startup_n32wb452.o


==============================================================================

Image component sizes


      Code (inc. data)   RO Data    RW Data    ZI Data      Debug   Object Name

       252         30          0          0          0       2020   main.o
       832         36          0          0          0       6718   n32wb452_gpio.o
        18          0          0          0          0       1191   n32wb452_it.o
      1356         60         64          0          0      13985   n32wb452_rcc.o
        36          8        408          0       5120        884   startup_n32wb452.o
       504         68         16          4          0     270139   system_n32wb452.o

    ----------------------------------------------------------------------
      2998        202        522          4       5124     294937   Object Totals
         0          0         32          0          0          0   (incl. Generated)
         0          0          2          0          4          0   (incl. Padding)

    ----------------------------------------------------------------------

      Code (inc. data)   RO Data    RW Data    ZI Data      Debug   Library Member Name

         0          0          0          0          0          0   entry.o
         0          0          0          0          0          0   entry10a.o
         0          0          0          0          0          0   entry11a.o
         4          0          0          0          0          0   entry12b.o
         8          4          0          0          0          0   entry2.o
         4          0          0          0          0          0   entry5.o
         0          0          0          0          0          0   entry7b.o
         0          0          0          0          0          0   entry8b.o
         8          4          0          0          0          0   entry9a.o
        30          0          0          0          0          0   handlers.o
        36          8          0          0          0         68   init.o
        44          0          0          0          0         72   uidiv.o

    ----------------------------------------------------------------------
       136         16          0          0          0        140   Library Totals
         2          0          0          0          0          0   (incl. Padding)

    ----------------------------------------------------------------------

      Code (inc. data)   RO Data    RW Data    ZI Data      Debug   Library Name

       134         16          0          0          0        140   mc_p.l

    ----------------------------------------------------------------------
       136         16          0          0          0        140   Library Totals

    ----------------------------------------------------------------------

==============================================================================


      Code (inc. data)   RO Data    RW Data    ZI Data      Debug   

      3134        218        522          4       5124     294833   Grand Totals
      3134        218        522          4       5124     294833   ELF Image Totals
      3134        218        522          4          0          0   ROM Totals

==============================================================================

    Total RO  Size (Code + RO Data)                 3656 (   3.57kB)
    Total RW  Size (RW Data + ZI Data)              5128 (   5.01kB)
    Total ROM Size (Code + RO Data + RW Data)       3660 (   3.57kB)

==============================================================================

