<html>
<body>
<pre>
<h1>µVision Build Log</h1>
<h2>Tool Versions:</h2>
IDE-Version: ¦ÌVision V5.37.0.0
Copyright (C) 2022 ARM Ltd and ARM Germany GmbH. All rights reserved.
License Information: a a, a, LIC=EPPLD-8CWN1-17HRR-K3S4D-UFX8B-PVIEA
 
Tool Versions:
Toolchain:       MDK-ARM Professional  Version: 5.37.0.0
Toolchain Path:  D:\software\major\Keil_v5\ARM\ARMCC\Bin
C Compiler:      Armcc.exe V5.06 update 7 (build 960)
Assembler:       Armasm.exe V5.06 update 7 (build 960)
Linker/Locator:  ArmLink.exe V5.06 update 7 (build 960)
Library Manager: ArmAr.exe V5.06 update 7 (build 960)
Hex Converter:   FromElf.exe V5.06 update 7 (build 960)
CPU DLL:         SARMCM3.DLL V5.37.0.0
Dialog DLL:      DARMCM1.DLL V1.19.6.0
Target DLL:      STLink\ST-LINKIII-KEIL_SWO.dll V3.0.9.0
Dialog DLL:      TARMCM1.DLL V1.14.6.0
 
<h2>Project:</h2>
F:\MCU\Bluetooth scan code item\4code\my_blue_control\my_blue_control\MDK-ARM\LedBlink.uvprojx
Project File Date:  03/31/2025

<h2>Output:</h2>
*** Using Compiler 'V5.06 update 7 (build 960)', folder: 'D:\software\major\Keil_v5\ARM\ARMCC\Bin'
Rebuild target 'N32WB452'
assembling startup_n32wb452.s...
compiling n32wb452_it.c...
compiling main.c...
compiling system_n32wb452.c...
compiling n32wb452_gpio.c...
compiling n32wb452_rcc.c...
linking...
Program Size: Code=3134 RO-data=522 RW-data=4 ZI-data=5124  
FromELF: creating hex file...
After Build - User command #1: fromelf --bin --output=.\bin\LedBlink.bin .\Objects\LedBlink.axf
".\Objects\LedBlink.axf" - 0 Error(s), 0 Warning(s).

<h2>Software Packages used:</h2>

Package Vendor: Nationstech
                http://www.keil.com/pack/Nationstech.N32WB03X_DFP.1.1.0.pack
                Nationstech.N32WB03X_DFP.1.1.0
                Nationstech N32WB03x Series Device Support, Drivers and Examples

<h2>Collection of Component include folders:</h2>
  D:/software/major/Arm/Packs/Nationstech/N32WB03X_DFP/1.1.0/firmware/CMSIS/device

<h2>Collection of Component Files used:</h2>
Build Time Elapsed:  00:00:00
</pre>
</body>
</html>
