<!doctype html public "-//w3c//dtd html 4.0 transitional//en">
<html><head>
<title>Static Call Graph - [.\Objects\LedBlink.axf]</title></head>
<body><HR>
<H1>Static Call Graph for image .\Objects\LedBlink.axf</H1><HR>
<BR><P>#&#060CALLGRAPH&#062# ARM Linker, 5060960: Last Updated: Mon Mar 31 16:51:49 2025
<BR><P>
<H3>Maximum Stack Usage =         36 bytes + Unknown(Cycles, Untraceable Function Pointers)</H3><H3>
Call chain for Maximum Stack Depth:</H3>
main &rArr; LedInit &rArr; GPIO_InitPeripheral
<P>
<H3>
Mutually Recursive functions
</H3> <LI><a href="#[8]">PendSV_Handler</a>&nbsp;&nbsp;&nbsp;&rArr;&nbsp;&nbsp;&nbsp;<a href="#[8]">PendSV_Handler</a><BR>
 <LI><a href="#[1c]">ADC1_2_IRQHandler</a>&nbsp;&nbsp;&nbsp;&rArr;&nbsp;&nbsp;&nbsp;<a href="#[1c]">ADC1_2_IRQHandler</a><BR>
 <LI><a href="#[2]">HardFault_Handler</a>&nbsp;&nbsp;&nbsp;&rArr;&nbsp;&nbsp;&nbsp;<a href="#[2]">HardFault_Handler</a><BR>
 <LI><a href="#[3]">MemManage_Handler</a>&nbsp;&nbsp;&nbsp;&rArr;&nbsp;&nbsp;&nbsp;<a href="#[3]">MemManage_Handler</a><BR>
 <LI><a href="#[4]">BusFault_Handler</a>&nbsp;&nbsp;&nbsp;&rArr;&nbsp;&nbsp;&nbsp;<a href="#[4]">BusFault_Handler</a><BR>
 <LI><a href="#[5]">UsageFault_Handler</a>&nbsp;&nbsp;&nbsp;&rArr;&nbsp;&nbsp;&nbsp;<a href="#[5]">UsageFault_Handler</a><BR>
</UL>
<P>
<H3>
Function Pointers
</H3><UL>
 <LI><a href="#[1c]">ADC1_2_IRQHandler</a> from startup_n32wb452.o(.text) referenced from startup_n32wb452.o(RESET)
 <LI><a href="#[4]">BusFault_Handler</a> from n32wb452_it.o(.text) referenced from startup_n32wb452.o(RESET)
 <LI><a href="#[1f]">CAN1_RX1_IRQHandler</a> from startup_n32wb452.o(.text) referenced from startup_n32wb452.o(RESET)
 <LI><a href="#[20]">CAN1_SCE_IRQHandler</a> from startup_n32wb452.o(.text) referenced from startup_n32wb452.o(RESET)
 <LI><a href="#[4a]">CAN2_RX0_IRQHandler</a> from startup_n32wb452.o(.text) referenced from startup_n32wb452.o(RESET)
 <LI><a href="#[4b]">CAN2_RX1_IRQHandler</a> from startup_n32wb452.o(.text) referenced from startup_n32wb452.o(RESET)
 <LI><a href="#[4c]">CAN2_SCE_IRQHandler</a> from startup_n32wb452.o(.text) referenced from startup_n32wb452.o(RESET)
 <LI><a href="#[49]">CAN2_TX_IRQHandler</a> from startup_n32wb452.o(.text) referenced from startup_n32wb452.o(RESET)
 <LI><a href="#[15]">DMA1_Channel1_IRQHandler</a> from startup_n32wb452.o(.text) referenced from startup_n32wb452.o(RESET)
 <LI><a href="#[16]">DMA1_Channel2_IRQHandler</a> from startup_n32wb452.o(.text) referenced from startup_n32wb452.o(RESET)
 <LI><a href="#[17]">DMA1_Channel3_IRQHandler</a> from startup_n32wb452.o(.text) referenced from startup_n32wb452.o(RESET)
 <LI><a href="#[18]">DMA1_Channel4_IRQHandler</a> from startup_n32wb452.o(.text) referenced from startup_n32wb452.o(RESET)
 <LI><a href="#[19]">DMA1_Channel5_IRQHandler</a> from startup_n32wb452.o(.text) referenced from startup_n32wb452.o(RESET)
 <LI><a href="#[1a]">DMA1_Channel6_IRQHandler</a> from startup_n32wb452.o(.text) referenced from startup_n32wb452.o(RESET)
 <LI><a href="#[1b]">DMA1_Channel7_IRQHandler</a> from startup_n32wb452.o(.text) referenced from startup_n32wb452.o(RESET)
 <LI><a href="#[56]">DMA1_Channel8_IRQHandler</a> from startup_n32wb452.o(.text) referenced from startup_n32wb452.o(RESET)
 <LI><a href="#[42]">DMA2_Channel1_IRQHandler</a> from startup_n32wb452.o(.text) referenced from startup_n32wb452.o(RESET)
 <LI><a href="#[43]">DMA2_Channel2_IRQHandler</a> from startup_n32wb452.o(.text) referenced from startup_n32wb452.o(RESET)
 <LI><a href="#[44]">DMA2_Channel3_IRQHandler</a> from startup_n32wb452.o(.text) referenced from startup_n32wb452.o(RESET)
 <LI><a href="#[45]">DMA2_Channel4_IRQHandler</a> from startup_n32wb452.o(.text) referenced from startup_n32wb452.o(RESET)
 <LI><a href="#[46]">DMA2_Channel5_IRQHandler</a> from startup_n32wb452.o(.text) referenced from startup_n32wb452.o(RESET)
 <LI><a href="#[4e]">DMA2_Channel6_IRQHandler</a> from startup_n32wb452.o(.text) referenced from startup_n32wb452.o(RESET)
 <LI><a href="#[4f]">DMA2_Channel7_IRQHandler</a> from startup_n32wb452.o(.text) referenced from startup_n32wb452.o(RESET)
 <LI><a href="#[57]">DMA2_Channel8_IRQHandler</a> from startup_n32wb452.o(.text) referenced from startup_n32wb452.o(RESET)
 <LI><a href="#[58]">DVP_IRQHandler</a> from startup_n32wb452.o(.text) referenced from startup_n32wb452.o(RESET)
 <LI><a href="#[7]">DebugMon_Handler</a> from n32wb452_it.o(.text) referenced from startup_n32wb452.o(RESET)
 <LI><a href="#[10]">EXTI0_IRQHandler</a> from startup_n32wb452.o(.text) referenced from startup_n32wb452.o(RESET)
 <LI><a href="#[32]">EXTI15_10_IRQHandler</a> from startup_n32wb452.o(.text) referenced from startup_n32wb452.o(RESET)
 <LI><a href="#[11]">EXTI1_IRQHandler</a> from startup_n32wb452.o(.text) referenced from startup_n32wb452.o(RESET)
 <LI><a href="#[12]">EXTI2_IRQHandler</a> from startup_n32wb452.o(.text) referenced from startup_n32wb452.o(RESET)
 <LI><a href="#[13]">EXTI3_IRQHandler</a> from startup_n32wb452.o(.text) referenced from startup_n32wb452.o(RESET)
 <LI><a href="#[14]">EXTI4_IRQHandler</a> from startup_n32wb452.o(.text) referenced from startup_n32wb452.o(RESET)
 <LI><a href="#[21]">EXTI9_5_IRQHandler</a> from startup_n32wb452.o(.text) referenced from startup_n32wb452.o(RESET)
 <LI><a href="#[e]">FLASH_IRQHandler</a> from startup_n32wb452.o(.text) referenced from startup_n32wb452.o(RESET)
 <LI><a href="#[2]">HardFault_Handler</a> from n32wb452_it.o(.text) referenced from startup_n32wb452.o(RESET)
 <LI><a href="#[2a]">I2C1_ER_IRQHandler</a> from startup_n32wb452.o(.text) referenced from startup_n32wb452.o(RESET)
 <LI><a href="#[29]">I2C1_EV_IRQHandler</a> from startup_n32wb452.o(.text) referenced from startup_n32wb452.o(RESET)
 <LI><a href="#[2c]">I2C2_ER_IRQHandler</a> from startup_n32wb452.o(.text) referenced from startup_n32wb452.o(RESET)
 <LI><a href="#[2b]">I2C2_EV_IRQHandler</a> from startup_n32wb452.o(.text) referenced from startup_n32wb452.o(RESET)
 <LI><a href="#[51]">I2C3_ER_IRQHandler</a> from startup_n32wb452.o(.text) referenced from startup_n32wb452.o(RESET)
 <LI><a href="#[50]">I2C3_EV_IRQHandler</a> from startup_n32wb452.o(.text) referenced from startup_n32wb452.o(RESET)
 <LI><a href="#[53]">I2C4_ER_IRQHandler</a> from startup_n32wb452.o(.text) referenced from startup_n32wb452.o(RESET)
 <LI><a href="#[52]">I2C4_EV_IRQHandler</a> from startup_n32wb452.o(.text) referenced from startup_n32wb452.o(RESET)
 <LI><a href="#[5a]">MMU_IRQHandler</a> from startup_n32wb452.o(.text) referenced from startup_n32wb452.o(RESET)
 <LI><a href="#[3]">MemManage_Handler</a> from n32wb452_it.o(.text) referenced from startup_n32wb452.o(RESET)
 <LI><a href="#[1]">NMI_Handler</a> from n32wb452_it.o(.text) referenced from startup_n32wb452.o(RESET)
 <LI><a href="#[b]">PVD_IRQHandler</a> from startup_n32wb452.o(.text) referenced from startup_n32wb452.o(RESET)
 <LI><a href="#[8]">PendSV_Handler</a> from startup_n32wb452.o(.text) referenced from startup_n32wb452.o(RESET)
 <LI><a href="#[f]">RCC_IRQHandler</a> from startup_n32wb452.o(.text) referenced from startup_n32wb452.o(RESET)
 <LI><a href="#[39]">RESERVE47_IRQHandler</a> from startup_n32wb452.o(.text) referenced from startup_n32wb452.o(RESET)
 <LI><a href="#[3a]">RESERVE48_IRQHandler</a> from startup_n32wb452.o(.text) referenced from startup_n32wb452.o(RESET)
 <LI><a href="#[47]">RESERVE61_IRQHandler</a> from startup_n32wb452.o(.text) referenced from startup_n32wb452.o(RESET)
 <LI><a href="#[48]">RESERVE62_IRQHandler</a> from startup_n32wb452.o(.text) referenced from startup_n32wb452.o(RESET)
 <LI><a href="#[4d]">RESERVE67_IRQHandler</a> from startup_n32wb452.o(.text) referenced from startup_n32wb452.o(RESET)
 <LI><a href="#[5c]">RESERVE82_IRQHandler</a> from startup_n32wb452.o(.text) referenced from startup_n32wb452.o(RESET)
 <LI><a href="#[5d]">RESERVE83_IRQHandler</a> from startup_n32wb452.o(.text) referenced from startup_n32wb452.o(RESET)
 <LI><a href="#[5e]">RESERVE84_IRQHandler</a> from startup_n32wb452.o(.text) referenced from startup_n32wb452.o(RESET)
 <LI><a href="#[5f]">RSRAM_IRQHandler</a> from startup_n32wb452.o(.text) referenced from startup_n32wb452.o(RESET)
 <LI><a href="#[33]">RTCAlarm_IRQHandler</a> from startup_n32wb452.o(.text) referenced from startup_n32wb452.o(RESET)
 <LI><a href="#[d]">RTC_WKUP_IRQHandler</a> from startup_n32wb452.o(.text) referenced from startup_n32wb452.o(RESET)
 <LI><a href="#[0]">Reset_Handler</a> from startup_n32wb452.o(.text) referenced from startup_n32wb452.o(RESET)
 <LI><a href="#[59]">SAC_IRQHandler</a> from startup_n32wb452.o(.text) referenced from startup_n32wb452.o(RESET)
 <LI><a href="#[3b]">SDIO_IRQHandler</a> from startup_n32wb452.o(.text) referenced from startup_n32wb452.o(RESET)
 <LI><a href="#[2d]">SPI1_IRQHandler</a> from startup_n32wb452.o(.text) referenced from startup_n32wb452.o(RESET)
 <LI><a href="#[2e]">SPI2_IRQHandler</a> from startup_n32wb452.o(.text) referenced from startup_n32wb452.o(RESET)
 <LI><a href="#[3d]">SPI3_IRQHandler</a> from startup_n32wb452.o(.text) referenced from startup_n32wb452.o(RESET)
 <LI><a href="#[6]">SVC_Handler</a> from n32wb452_it.o(.text) referenced from startup_n32wb452.o(RESET)
 <LI><a href="#[9]">SysTick_Handler</a> from n32wb452_it.o(.text) referenced from startup_n32wb452.o(RESET)
 <LI><a href="#[61]">SystemInit</a> from system_n32wb452.o(.text) referenced from startup_n32wb452.o(.text)
 <LI><a href="#[c]">TAMPER_IRQHandler</a> from startup_n32wb452.o(.text) referenced from startup_n32wb452.o(RESET)
 <LI><a href="#[22]">TIM1_BRK_IRQHandler</a> from startup_n32wb452.o(.text) referenced from startup_n32wb452.o(RESET)
 <LI><a href="#[25]">TIM1_CC_IRQHandler</a> from startup_n32wb452.o(.text) referenced from startup_n32wb452.o(RESET)
 <LI><a href="#[24]">TIM1_TRG_COM_IRQHandler</a> from startup_n32wb452.o(.text) referenced from startup_n32wb452.o(RESET)
 <LI><a href="#[23]">TIM1_UP_IRQHandler</a> from startup_n32wb452.o(.text) referenced from startup_n32wb452.o(RESET)
 <LI><a href="#[26]">TIM2_IRQHandler</a> from startup_n32wb452.o(.text) referenced from startup_n32wb452.o(RESET)
 <LI><a href="#[27]">TIM3_IRQHandler</a> from startup_n32wb452.o(.text) referenced from startup_n32wb452.o(RESET)
 <LI><a href="#[28]">TIM4_IRQHandler</a> from startup_n32wb452.o(.text) referenced from startup_n32wb452.o(RESET)
 <LI><a href="#[3c]">TIM5_IRQHandler</a> from startup_n32wb452.o(.text) referenced from startup_n32wb452.o(RESET)
 <LI><a href="#[40]">TIM6_IRQHandler</a> from startup_n32wb452.o(.text) referenced from startup_n32wb452.o(RESET)
 <LI><a href="#[41]">TIM7_IRQHandler</a> from startup_n32wb452.o(.text) referenced from startup_n32wb452.o(RESET)
 <LI><a href="#[35]">TIM8_BRK_IRQHandler</a> from startup_n32wb452.o(.text) referenced from startup_n32wb452.o(RESET)
 <LI><a href="#[38]">TIM8_CC_IRQHandler</a> from startup_n32wb452.o(.text) referenced from startup_n32wb452.o(RESET)
 <LI><a href="#[37]">TIM8_TRG_COM_IRQHandler</a> from startup_n32wb452.o(.text) referenced from startup_n32wb452.o(RESET)
 <LI><a href="#[36]">TIM8_UP_IRQHandler</a> from startup_n32wb452.o(.text) referenced from startup_n32wb452.o(RESET)
 <LI><a href="#[5b]">TSC_IRQHandler</a> from startup_n32wb452.o(.text) referenced from startup_n32wb452.o(RESET)
 <LI><a href="#[3e]">UART4_IRQHandler</a> from startup_n32wb452.o(.text) referenced from startup_n32wb452.o(RESET)
 <LI><a href="#[3f]">UART5_IRQHandler</a> from startup_n32wb452.o(.text) referenced from startup_n32wb452.o(RESET)
 <LI><a href="#[54]">UART6_IRQHandler</a> from startup_n32wb452.o(.text) referenced from startup_n32wb452.o(RESET)
 <LI><a href="#[55]">UART7_IRQHandler</a> from startup_n32wb452.o(.text) referenced from startup_n32wb452.o(RESET)
 <LI><a href="#[2f]">USART1_IRQHandler</a> from startup_n32wb452.o(.text) referenced from startup_n32wb452.o(RESET)
 <LI><a href="#[30]">USART2_IRQHandler</a> from startup_n32wb452.o(.text) referenced from startup_n32wb452.o(RESET)
 <LI><a href="#[31]">USART3_IRQHandler</a> from startup_n32wb452.o(.text) referenced from startup_n32wb452.o(RESET)
 <LI><a href="#[34]">USBWakeUp_IRQHandler</a> from startup_n32wb452.o(.text) referenced from startup_n32wb452.o(RESET)
 <LI><a href="#[1d]">USB_HP_CAN1_TX_IRQHandler</a> from startup_n32wb452.o(.text) referenced from startup_n32wb452.o(RESET)
 <LI><a href="#[1e]">USB_LP_CAN1_RX0_IRQHandler</a> from startup_n32wb452.o(.text) referenced from startup_n32wb452.o(RESET)
 <LI><a href="#[5]">UsageFault_Handler</a> from n32wb452_it.o(.text) referenced from startup_n32wb452.o(RESET)
 <LI><a href="#[a]">WWDG_IRQHandler</a> from startup_n32wb452.o(.text) referenced from startup_n32wb452.o(RESET)
 <LI><a href="#[62]">__main</a> from entry.o(.ARM.Collect$$$$00000000) referenced from startup_n32wb452.o(.text)
 <LI><a href="#[60]">main</a> from main.o(.text) referenced from entry9a.o(.ARM.Collect$$$$0000000B)
</UL>
<P>
<H3>
Global Symbols
</H3>
<P><STRONG><a name="[62]"></a>__main</STRONG> (Thumb, 0 bytes, Stack size unknown bytes, entry.o(.ARM.Collect$$$$00000000))
<BR>[Address Reference Count : 1]<UL><LI> startup_n32wb452.o(.text)
</UL>
<P><STRONG><a name="[7c]"></a>_main_stk</STRONG> (Thumb, 0 bytes, Stack size unknown bytes, entry2.o(.ARM.Collect$$$$00000001))

<P><STRONG><a name="[63]"></a>_main_scatterload</STRONG> (Thumb, 0 bytes, Stack size unknown bytes, entry5.o(.ARM.Collect$$$$00000004))
<BR><BR>[Calls]<UL><LI><a href="#[64]">&gt;&gt;</a>&nbsp;&nbsp;&nbsp;__scatterload
</UL>

<P><STRONG><a name="[7b]"></a>__main_after_scatterload</STRONG> (Thumb, 0 bytes, Stack size unknown bytes, entry5.o(.ARM.Collect$$$$00000004))
<BR><BR>[Called By]<UL><LI><a href="#[64]">&gt;&gt;</a>&nbsp;&nbsp;&nbsp;__scatterload
</UL>

<P><STRONG><a name="[7d]"></a>_main_clock</STRONG> (Thumb, 0 bytes, Stack size unknown bytes, entry7b.o(.ARM.Collect$$$$00000008))

<P><STRONG><a name="[7e]"></a>_main_cpp_init</STRONG> (Thumb, 0 bytes, Stack size unknown bytes, entry8b.o(.ARM.Collect$$$$0000000A))

<P><STRONG><a name="[7f]"></a>_main_init</STRONG> (Thumb, 0 bytes, Stack size unknown bytes, entry9a.o(.ARM.Collect$$$$0000000B))

<P><STRONG><a name="[65]"></a>__rt_lib_shutdown_fini</STRONG> (Thumb, 0 bytes, Stack size unknown bytes, entry12b.o(.ARM.Collect$$$$0000000E))
<BR><BR>[Calls]<UL><LI><a href="#[66]">&gt;&gt;</a>&nbsp;&nbsp;&nbsp;__arm_fini_ (Weak Reference)
</UL>

<P><STRONG><a name="[80]"></a>__rt_final_cpp</STRONG> (Thumb, 0 bytes, Stack size unknown bytes, entry10a.o(.ARM.Collect$$$$0000000F))

<P><STRONG><a name="[81]"></a>__rt_final_exit</STRONG> (Thumb, 0 bytes, Stack size unknown bytes, entry11a.o(.ARM.Collect$$$$00000011))

<P><STRONG><a name="[0]"></a>Reset_Handler</STRONG> (Thumb, 8 bytes, Stack size 0 bytes, startup_n32wb452.o(.text))
<BR>[Address Reference Count : 1]<UL><LI> startup_n32wb452.o(RESET)
</UL>
<P><STRONG><a name="[8]"></a>PendSV_Handler</STRONG> (Thumb, 2 bytes, Stack size 0 bytes, startup_n32wb452.o(.text))
<BR><BR>[Calls]<UL><LI><a href="#[8]">&gt;&gt;</a>&nbsp;&nbsp;&nbsp;PendSV_Handler
</UL>
<BR>[Called By]<UL><LI><a href="#[8]">&gt;&gt;</a>&nbsp;&nbsp;&nbsp;PendSV_Handler
</UL>
<BR>[Address Reference Count : 1]<UL><LI> startup_n32wb452.o(RESET)
</UL>
<P><STRONG><a name="[1c]"></a>ADC1_2_IRQHandler</STRONG> (Thumb, 0 bytes, Stack size 0 bytes, startup_n32wb452.o(.text))
<BR><BR>[Calls]<UL><LI><a href="#[1c]">&gt;&gt;</a>&nbsp;&nbsp;&nbsp;ADC1_2_IRQHandler
</UL>
<BR>[Called By]<UL><LI><a href="#[1c]">&gt;&gt;</a>&nbsp;&nbsp;&nbsp;ADC1_2_IRQHandler
</UL>
<BR>[Address Reference Count : 1]<UL><LI> startup_n32wb452.o(RESET)
</UL>
<P><STRONG><a name="[1f]"></a>CAN1_RX1_IRQHandler</STRONG> (Thumb, 0 bytes, Stack size 0 bytes, startup_n32wb452.o(.text))
<BR>[Address Reference Count : 1]<UL><LI> startup_n32wb452.o(RESET)
</UL>
<P><STRONG><a name="[20]"></a>CAN1_SCE_IRQHandler</STRONG> (Thumb, 0 bytes, Stack size 0 bytes, startup_n32wb452.o(.text))
<BR>[Address Reference Count : 1]<UL><LI> startup_n32wb452.o(RESET)
</UL>
<P><STRONG><a name="[4a]"></a>CAN2_RX0_IRQHandler</STRONG> (Thumb, 0 bytes, Stack size 0 bytes, startup_n32wb452.o(.text))
<BR>[Address Reference Count : 1]<UL><LI> startup_n32wb452.o(RESET)
</UL>
<P><STRONG><a name="[4b]"></a>CAN2_RX1_IRQHandler</STRONG> (Thumb, 0 bytes, Stack size 0 bytes, startup_n32wb452.o(.text))
<BR>[Address Reference Count : 1]<UL><LI> startup_n32wb452.o(RESET)
</UL>
<P><STRONG><a name="[4c]"></a>CAN2_SCE_IRQHandler</STRONG> (Thumb, 0 bytes, Stack size 0 bytes, startup_n32wb452.o(.text))
<BR>[Address Reference Count : 1]<UL><LI> startup_n32wb452.o(RESET)
</UL>
<P><STRONG><a name="[49]"></a>CAN2_TX_IRQHandler</STRONG> (Thumb, 0 bytes, Stack size 0 bytes, startup_n32wb452.o(.text))
<BR>[Address Reference Count : 1]<UL><LI> startup_n32wb452.o(RESET)
</UL>
<P><STRONG><a name="[15]"></a>DMA1_Channel1_IRQHandler</STRONG> (Thumb, 0 bytes, Stack size 0 bytes, startup_n32wb452.o(.text))
<BR>[Address Reference Count : 1]<UL><LI> startup_n32wb452.o(RESET)
</UL>
<P><STRONG><a name="[16]"></a>DMA1_Channel2_IRQHandler</STRONG> (Thumb, 0 bytes, Stack size 0 bytes, startup_n32wb452.o(.text))
<BR>[Address Reference Count : 1]<UL><LI> startup_n32wb452.o(RESET)
</UL>
<P><STRONG><a name="[17]"></a>DMA1_Channel3_IRQHandler</STRONG> (Thumb, 0 bytes, Stack size 0 bytes, startup_n32wb452.o(.text))
<BR>[Address Reference Count : 1]<UL><LI> startup_n32wb452.o(RESET)
</UL>
<P><STRONG><a name="[18]"></a>DMA1_Channel4_IRQHandler</STRONG> (Thumb, 0 bytes, Stack size 0 bytes, startup_n32wb452.o(.text))
<BR>[Address Reference Count : 1]<UL><LI> startup_n32wb452.o(RESET)
</UL>
<P><STRONG><a name="[19]"></a>DMA1_Channel5_IRQHandler</STRONG> (Thumb, 0 bytes, Stack size 0 bytes, startup_n32wb452.o(.text))
<BR>[Address Reference Count : 1]<UL><LI> startup_n32wb452.o(RESET)
</UL>
<P><STRONG><a name="[1a]"></a>DMA1_Channel6_IRQHandler</STRONG> (Thumb, 0 bytes, Stack size 0 bytes, startup_n32wb452.o(.text))
<BR>[Address Reference Count : 1]<UL><LI> startup_n32wb452.o(RESET)
</UL>
<P><STRONG><a name="[1b]"></a>DMA1_Channel7_IRQHandler</STRONG> (Thumb, 0 bytes, Stack size 0 bytes, startup_n32wb452.o(.text))
<BR>[Address Reference Count : 1]<UL><LI> startup_n32wb452.o(RESET)
</UL>
<P><STRONG><a name="[56]"></a>DMA1_Channel8_IRQHandler</STRONG> (Thumb, 0 bytes, Stack size 0 bytes, startup_n32wb452.o(.text))
<BR>[Address Reference Count : 1]<UL><LI> startup_n32wb452.o(RESET)
</UL>
<P><STRONG><a name="[42]"></a>DMA2_Channel1_IRQHandler</STRONG> (Thumb, 0 bytes, Stack size 0 bytes, startup_n32wb452.o(.text))
<BR>[Address Reference Count : 1]<UL><LI> startup_n32wb452.o(RESET)
</UL>
<P><STRONG><a name="[43]"></a>DMA2_Channel2_IRQHandler</STRONG> (Thumb, 0 bytes, Stack size 0 bytes, startup_n32wb452.o(.text))
<BR>[Address Reference Count : 1]<UL><LI> startup_n32wb452.o(RESET)
</UL>
<P><STRONG><a name="[44]"></a>DMA2_Channel3_IRQHandler</STRONG> (Thumb, 0 bytes, Stack size 0 bytes, startup_n32wb452.o(.text))
<BR>[Address Reference Count : 1]<UL><LI> startup_n32wb452.o(RESET)
</UL>
<P><STRONG><a name="[45]"></a>DMA2_Channel4_IRQHandler</STRONG> (Thumb, 0 bytes, Stack size 0 bytes, startup_n32wb452.o(.text))
<BR>[Address Reference Count : 1]<UL><LI> startup_n32wb452.o(RESET)
</UL>
<P><STRONG><a name="[46]"></a>DMA2_Channel5_IRQHandler</STRONG> (Thumb, 0 bytes, Stack size 0 bytes, startup_n32wb452.o(.text))
<BR>[Address Reference Count : 1]<UL><LI> startup_n32wb452.o(RESET)
</UL>
<P><STRONG><a name="[4e]"></a>DMA2_Channel6_IRQHandler</STRONG> (Thumb, 0 bytes, Stack size 0 bytes, startup_n32wb452.o(.text))
<BR>[Address Reference Count : 1]<UL><LI> startup_n32wb452.o(RESET)
</UL>
<P><STRONG><a name="[4f]"></a>DMA2_Channel7_IRQHandler</STRONG> (Thumb, 0 bytes, Stack size 0 bytes, startup_n32wb452.o(.text))
<BR>[Address Reference Count : 1]<UL><LI> startup_n32wb452.o(RESET)
</UL>
<P><STRONG><a name="[57]"></a>DMA2_Channel8_IRQHandler</STRONG> (Thumb, 0 bytes, Stack size 0 bytes, startup_n32wb452.o(.text))
<BR>[Address Reference Count : 1]<UL><LI> startup_n32wb452.o(RESET)
</UL>
<P><STRONG><a name="[58]"></a>DVP_IRQHandler</STRONG> (Thumb, 0 bytes, Stack size 0 bytes, startup_n32wb452.o(.text))
<BR>[Address Reference Count : 1]<UL><LI> startup_n32wb452.o(RESET)
</UL>
<P><STRONG><a name="[10]"></a>EXTI0_IRQHandler</STRONG> (Thumb, 0 bytes, Stack size 0 bytes, startup_n32wb452.o(.text))
<BR>[Address Reference Count : 1]<UL><LI> startup_n32wb452.o(RESET)
</UL>
<P><STRONG><a name="[32]"></a>EXTI15_10_IRQHandler</STRONG> (Thumb, 0 bytes, Stack size 0 bytes, startup_n32wb452.o(.text))
<BR>[Address Reference Count : 1]<UL><LI> startup_n32wb452.o(RESET)
</UL>
<P><STRONG><a name="[11]"></a>EXTI1_IRQHandler</STRONG> (Thumb, 0 bytes, Stack size 0 bytes, startup_n32wb452.o(.text))
<BR>[Address Reference Count : 1]<UL><LI> startup_n32wb452.o(RESET)
</UL>
<P><STRONG><a name="[12]"></a>EXTI2_IRQHandler</STRONG> (Thumb, 0 bytes, Stack size 0 bytes, startup_n32wb452.o(.text))
<BR>[Address Reference Count : 1]<UL><LI> startup_n32wb452.o(RESET)
</UL>
<P><STRONG><a name="[13]"></a>EXTI3_IRQHandler</STRONG> (Thumb, 0 bytes, Stack size 0 bytes, startup_n32wb452.o(.text))
<BR>[Address Reference Count : 1]<UL><LI> startup_n32wb452.o(RESET)
</UL>
<P><STRONG><a name="[14]"></a>EXTI4_IRQHandler</STRONG> (Thumb, 0 bytes, Stack size 0 bytes, startup_n32wb452.o(.text))
<BR>[Address Reference Count : 1]<UL><LI> startup_n32wb452.o(RESET)
</UL>
<P><STRONG><a name="[21]"></a>EXTI9_5_IRQHandler</STRONG> (Thumb, 0 bytes, Stack size 0 bytes, startup_n32wb452.o(.text))
<BR>[Address Reference Count : 1]<UL><LI> startup_n32wb452.o(RESET)
</UL>
<P><STRONG><a name="[e]"></a>FLASH_IRQHandler</STRONG> (Thumb, 0 bytes, Stack size 0 bytes, startup_n32wb452.o(.text))
<BR>[Address Reference Count : 1]<UL><LI> startup_n32wb452.o(RESET)
</UL>
<P><STRONG><a name="[2a]"></a>I2C1_ER_IRQHandler</STRONG> (Thumb, 0 bytes, Stack size 0 bytes, startup_n32wb452.o(.text))
<BR>[Address Reference Count : 1]<UL><LI> startup_n32wb452.o(RESET)
</UL>
<P><STRONG><a name="[29]"></a>I2C1_EV_IRQHandler</STRONG> (Thumb, 0 bytes, Stack size 0 bytes, startup_n32wb452.o(.text))
<BR>[Address Reference Count : 1]<UL><LI> startup_n32wb452.o(RESET)
</UL>
<P><STRONG><a name="[2c]"></a>I2C2_ER_IRQHandler</STRONG> (Thumb, 0 bytes, Stack size 0 bytes, startup_n32wb452.o(.text))
<BR>[Address Reference Count : 1]<UL><LI> startup_n32wb452.o(RESET)
</UL>
<P><STRONG><a name="[2b]"></a>I2C2_EV_IRQHandler</STRONG> (Thumb, 0 bytes, Stack size 0 bytes, startup_n32wb452.o(.text))
<BR>[Address Reference Count : 1]<UL><LI> startup_n32wb452.o(RESET)
</UL>
<P><STRONG><a name="[51]"></a>I2C3_ER_IRQHandler</STRONG> (Thumb, 0 bytes, Stack size 0 bytes, startup_n32wb452.o(.text))
<BR>[Address Reference Count : 1]<UL><LI> startup_n32wb452.o(RESET)
</UL>
<P><STRONG><a name="[50]"></a>I2C3_EV_IRQHandler</STRONG> (Thumb, 0 bytes, Stack size 0 bytes, startup_n32wb452.o(.text))
<BR>[Address Reference Count : 1]<UL><LI> startup_n32wb452.o(RESET)
</UL>
<P><STRONG><a name="[53]"></a>I2C4_ER_IRQHandler</STRONG> (Thumb, 0 bytes, Stack size 0 bytes, startup_n32wb452.o(.text))
<BR>[Address Reference Count : 1]<UL><LI> startup_n32wb452.o(RESET)
</UL>
<P><STRONG><a name="[52]"></a>I2C4_EV_IRQHandler</STRONG> (Thumb, 0 bytes, Stack size 0 bytes, startup_n32wb452.o(.text))
<BR>[Address Reference Count : 1]<UL><LI> startup_n32wb452.o(RESET)
</UL>
<P><STRONG><a name="[5a]"></a>MMU_IRQHandler</STRONG> (Thumb, 0 bytes, Stack size 0 bytes, startup_n32wb452.o(.text))
<BR>[Address Reference Count : 1]<UL><LI> startup_n32wb452.o(RESET)
</UL>
<P><STRONG><a name="[b]"></a>PVD_IRQHandler</STRONG> (Thumb, 0 bytes, Stack size 0 bytes, startup_n32wb452.o(.text))
<BR>[Address Reference Count : 1]<UL><LI> startup_n32wb452.o(RESET)
</UL>
<P><STRONG><a name="[f]"></a>RCC_IRQHandler</STRONG> (Thumb, 0 bytes, Stack size 0 bytes, startup_n32wb452.o(.text))
<BR>[Address Reference Count : 1]<UL><LI> startup_n32wb452.o(RESET)
</UL>
<P><STRONG><a name="[5f]"></a>RSRAM_IRQHandler</STRONG> (Thumb, 0 bytes, Stack size 0 bytes, startup_n32wb452.o(.text))
<BR>[Address Reference Count : 1]<UL><LI> startup_n32wb452.o(RESET)
</UL>
<P><STRONG><a name="[33]"></a>RTCAlarm_IRQHandler</STRONG> (Thumb, 0 bytes, Stack size 0 bytes, startup_n32wb452.o(.text))
<BR>[Address Reference Count : 1]<UL><LI> startup_n32wb452.o(RESET)
</UL>
<P><STRONG><a name="[d]"></a>RTC_WKUP_IRQHandler</STRONG> (Thumb, 0 bytes, Stack size 0 bytes, startup_n32wb452.o(.text))
<BR>[Address Reference Count : 1]<UL><LI> startup_n32wb452.o(RESET)
</UL>
<P><STRONG><a name="[59]"></a>SAC_IRQHandler</STRONG> (Thumb, 0 bytes, Stack size 0 bytes, startup_n32wb452.o(.text))
<BR>[Address Reference Count : 1]<UL><LI> startup_n32wb452.o(RESET)
</UL>
<P><STRONG><a name="[3b]"></a>SDIO_IRQHandler</STRONG> (Thumb, 0 bytes, Stack size 0 bytes, startup_n32wb452.o(.text))
<BR>[Address Reference Count : 1]<UL><LI> startup_n32wb452.o(RESET)
</UL>
<P><STRONG><a name="[2d]"></a>SPI1_IRQHandler</STRONG> (Thumb, 0 bytes, Stack size 0 bytes, startup_n32wb452.o(.text))
<BR>[Address Reference Count : 1]<UL><LI> startup_n32wb452.o(RESET)
</UL>
<P><STRONG><a name="[2e]"></a>SPI2_IRQHandler</STRONG> (Thumb, 0 bytes, Stack size 0 bytes, startup_n32wb452.o(.text))
<BR>[Address Reference Count : 1]<UL><LI> startup_n32wb452.o(RESET)
</UL>
<P><STRONG><a name="[3d]"></a>SPI3_IRQHandler</STRONG> (Thumb, 0 bytes, Stack size 0 bytes, startup_n32wb452.o(.text))
<BR>[Address Reference Count : 1]<UL><LI> startup_n32wb452.o(RESET)
</UL>
<P><STRONG><a name="[c]"></a>TAMPER_IRQHandler</STRONG> (Thumb, 0 bytes, Stack size 0 bytes, startup_n32wb452.o(.text))
<BR>[Address Reference Count : 1]<UL><LI> startup_n32wb452.o(RESET)
</UL>
<P><STRONG><a name="[22]"></a>TIM1_BRK_IRQHandler</STRONG> (Thumb, 0 bytes, Stack size 0 bytes, startup_n32wb452.o(.text))
<BR>[Address Reference Count : 1]<UL><LI> startup_n32wb452.o(RESET)
</UL>
<P><STRONG><a name="[25]"></a>TIM1_CC_IRQHandler</STRONG> (Thumb, 0 bytes, Stack size 0 bytes, startup_n32wb452.o(.text))
<BR>[Address Reference Count : 1]<UL><LI> startup_n32wb452.o(RESET)
</UL>
<P><STRONG><a name="[24]"></a>TIM1_TRG_COM_IRQHandler</STRONG> (Thumb, 0 bytes, Stack size 0 bytes, startup_n32wb452.o(.text))
<BR>[Address Reference Count : 1]<UL><LI> startup_n32wb452.o(RESET)
</UL>
<P><STRONG><a name="[23]"></a>TIM1_UP_IRQHandler</STRONG> (Thumb, 0 bytes, Stack size 0 bytes, startup_n32wb452.o(.text))
<BR>[Address Reference Count : 1]<UL><LI> startup_n32wb452.o(RESET)
</UL>
<P><STRONG><a name="[26]"></a>TIM2_IRQHandler</STRONG> (Thumb, 0 bytes, Stack size 0 bytes, startup_n32wb452.o(.text))
<BR>[Address Reference Count : 1]<UL><LI> startup_n32wb452.o(RESET)
</UL>
<P><STRONG><a name="[27]"></a>TIM3_IRQHandler</STRONG> (Thumb, 0 bytes, Stack size 0 bytes, startup_n32wb452.o(.text))
<BR>[Address Reference Count : 1]<UL><LI> startup_n32wb452.o(RESET)
</UL>
<P><STRONG><a name="[28]"></a>TIM4_IRQHandler</STRONG> (Thumb, 0 bytes, Stack size 0 bytes, startup_n32wb452.o(.text))
<BR>[Address Reference Count : 1]<UL><LI> startup_n32wb452.o(RESET)
</UL>
<P><STRONG><a name="[3c]"></a>TIM5_IRQHandler</STRONG> (Thumb, 0 bytes, Stack size 0 bytes, startup_n32wb452.o(.text))
<BR>[Address Reference Count : 1]<UL><LI> startup_n32wb452.o(RESET)
</UL>
<P><STRONG><a name="[40]"></a>TIM6_IRQHandler</STRONG> (Thumb, 0 bytes, Stack size 0 bytes, startup_n32wb452.o(.text))
<BR>[Address Reference Count : 1]<UL><LI> startup_n32wb452.o(RESET)
</UL>
<P><STRONG><a name="[41]"></a>TIM7_IRQHandler</STRONG> (Thumb, 0 bytes, Stack size 0 bytes, startup_n32wb452.o(.text))
<BR>[Address Reference Count : 1]<UL><LI> startup_n32wb452.o(RESET)
</UL>
<P><STRONG><a name="[35]"></a>TIM8_BRK_IRQHandler</STRONG> (Thumb, 0 bytes, Stack size 0 bytes, startup_n32wb452.o(.text))
<BR>[Address Reference Count : 1]<UL><LI> startup_n32wb452.o(RESET)
</UL>
<P><STRONG><a name="[38]"></a>TIM8_CC_IRQHandler</STRONG> (Thumb, 0 bytes, Stack size 0 bytes, startup_n32wb452.o(.text))
<BR>[Address Reference Count : 1]<UL><LI> startup_n32wb452.o(RESET)
</UL>
<P><STRONG><a name="[37]"></a>TIM8_TRG_COM_IRQHandler</STRONG> (Thumb, 0 bytes, Stack size 0 bytes, startup_n32wb452.o(.text))
<BR>[Address Reference Count : 1]<UL><LI> startup_n32wb452.o(RESET)
</UL>
<P><STRONG><a name="[36]"></a>TIM8_UP_IRQHandler</STRONG> (Thumb, 0 bytes, Stack size 0 bytes, startup_n32wb452.o(.text))
<BR>[Address Reference Count : 1]<UL><LI> startup_n32wb452.o(RESET)
</UL>
<P><STRONG><a name="[5b]"></a>TSC_IRQHandler</STRONG> (Thumb, 0 bytes, Stack size 0 bytes, startup_n32wb452.o(.text))
<BR>[Address Reference Count : 1]<UL><LI> startup_n32wb452.o(RESET)
</UL>
<P><STRONG><a name="[3e]"></a>UART4_IRQHandler</STRONG> (Thumb, 0 bytes, Stack size 0 bytes, startup_n32wb452.o(.text))
<BR>[Address Reference Count : 1]<UL><LI> startup_n32wb452.o(RESET)
</UL>
<P><STRONG><a name="[3f]"></a>UART5_IRQHandler</STRONG> (Thumb, 0 bytes, Stack size 0 bytes, startup_n32wb452.o(.text))
<BR>[Address Reference Count : 1]<UL><LI> startup_n32wb452.o(RESET)
</UL>
<P><STRONG><a name="[54]"></a>UART6_IRQHandler</STRONG> (Thumb, 0 bytes, Stack size 0 bytes, startup_n32wb452.o(.text))
<BR>[Address Reference Count : 1]<UL><LI> startup_n32wb452.o(RESET)
</UL>
<P><STRONG><a name="[55]"></a>UART7_IRQHandler</STRONG> (Thumb, 0 bytes, Stack size 0 bytes, startup_n32wb452.o(.text))
<BR>[Address Reference Count : 1]<UL><LI> startup_n32wb452.o(RESET)
</UL>
<P><STRONG><a name="[2f]"></a>USART1_IRQHandler</STRONG> (Thumb, 0 bytes, Stack size 0 bytes, startup_n32wb452.o(.text))
<BR>[Address Reference Count : 1]<UL><LI> startup_n32wb452.o(RESET)
</UL>
<P><STRONG><a name="[30]"></a>USART2_IRQHandler</STRONG> (Thumb, 0 bytes, Stack size 0 bytes, startup_n32wb452.o(.text))
<BR>[Address Reference Count : 1]<UL><LI> startup_n32wb452.o(RESET)
</UL>
<P><STRONG><a name="[31]"></a>USART3_IRQHandler</STRONG> (Thumb, 0 bytes, Stack size 0 bytes, startup_n32wb452.o(.text))
<BR>[Address Reference Count : 1]<UL><LI> startup_n32wb452.o(RESET)
</UL>
<P><STRONG><a name="[34]"></a>USBWakeUp_IRQHandler</STRONG> (Thumb, 0 bytes, Stack size 0 bytes, startup_n32wb452.o(.text))
<BR>[Address Reference Count : 1]<UL><LI> startup_n32wb452.o(RESET)
</UL>
<P><STRONG><a name="[1d]"></a>USB_HP_CAN1_TX_IRQHandler</STRONG> (Thumb, 0 bytes, Stack size 0 bytes, startup_n32wb452.o(.text))
<BR>[Address Reference Count : 1]<UL><LI> startup_n32wb452.o(RESET)
</UL>
<P><STRONG><a name="[1e]"></a>USB_LP_CAN1_RX0_IRQHandler</STRONG> (Thumb, 0 bytes, Stack size 0 bytes, startup_n32wb452.o(.text))
<BR>[Address Reference Count : 1]<UL><LI> startup_n32wb452.o(RESET)
</UL>
<P><STRONG><a name="[a]"></a>WWDG_IRQHandler</STRONG> (Thumb, 0 bytes, Stack size 0 bytes, startup_n32wb452.o(.text))
<BR>[Address Reference Count : 1]<UL><LI> startup_n32wb452.o(RESET)
</UL>
<P><STRONG><a name="[61]"></a>SystemInit</STRONG> (Thumb, 120 bytes, Stack size 8 bytes, system_n32wb452.o(.text))
<BR><BR>[Stack]<UL><LI>Max Depth = 24<LI>Call Chain = SystemInit &rArr; SetVDDDBKTrim
</UL>
<BR>[Calls]<UL><LI><a href="#[67]">&gt;&gt;</a>&nbsp;&nbsp;&nbsp;SetSysClock
<LI><a href="#[68]">&gt;&gt;</a>&nbsp;&nbsp;&nbsp;SetVDDDBKTrim
</UL>
<BR>[Address Reference Count : 1]<UL><LI> startup_n32wb452.o(.text)
</UL>
<P><STRONG><a name="[82]"></a>SystemCoreClockUpdate</STRONG> (Thumb, 118 bytes, Stack size 8 bytes, system_n32wb452.o(.text), UNUSED)

<P><STRONG><a name="[69]"></a>GPIO_DeInit</STRONG> (Thumb, 122 bytes, Stack size 8 bytes, n32wb452_gpio.o(.text), UNUSED)
<BR><BR>[Calls]<UL><LI><a href="#[6a]">&gt;&gt;</a>&nbsp;&nbsp;&nbsp;RCC_EnableAPB2PeriphReset
</UL>

<P><STRONG><a name="[6b]"></a>GPIO_AFIOInitDefault</STRONG> (Thumb, 20 bytes, Stack size 8 bytes, n32wb452_gpio.o(.text), UNUSED)
<BR><BR>[Calls]<UL><LI><a href="#[6a]">&gt;&gt;</a>&nbsp;&nbsp;&nbsp;RCC_EnableAPB2PeriphReset
</UL>

<P><STRONG><a name="[75]"></a>GPIO_InitPeripheral</STRONG> (Thumb, 146 bytes, Stack size 20 bytes, n32wb452_gpio.o(.text))
<BR><BR>[Stack]<UL><LI>Max Depth = 20<LI>Call Chain = GPIO_InitPeripheral
</UL>
<BR>[Called By]<UL><LI><a href="#[73]">&gt;&gt;</a>&nbsp;&nbsp;&nbsp;LedInit
</UL>

<P><STRONG><a name="[83]"></a>GPIO_InitStruct</STRONG> (Thumb, 16 bytes, Stack size 0 bytes, n32wb452_gpio.o(.text), UNUSED)

<P><STRONG><a name="[84]"></a>GPIO_ReadInputDataBit</STRONG> (Thumb, 14 bytes, Stack size 0 bytes, n32wb452_gpio.o(.text), UNUSED)

<P><STRONG><a name="[85]"></a>GPIO_ReadInputData</STRONG> (Thumb, 6 bytes, Stack size 0 bytes, n32wb452_gpio.o(.text), UNUSED)

<P><STRONG><a name="[86]"></a>GPIO_ReadOutputDataBit</STRONG> (Thumb, 14 bytes, Stack size 0 bytes, n32wb452_gpio.o(.text), UNUSED)

<P><STRONG><a name="[87]"></a>GPIO_ReadOutputData</STRONG> (Thumb, 6 bytes, Stack size 0 bytes, n32wb452_gpio.o(.text), UNUSED)

<P><STRONG><a name="[88]"></a>GPIO_SetBits</STRONG> (Thumb, 4 bytes, Stack size 0 bytes, n32wb452_gpio.o(.text), UNUSED)

<P><STRONG><a name="[89]"></a>GPIO_SetBitsHigh16</STRONG> (Thumb, 4 bytes, Stack size 0 bytes, n32wb452_gpio.o(.text), UNUSED)

<P><STRONG><a name="[8a]"></a>GPIO_ResetBits</STRONG> (Thumb, 4 bytes, Stack size 0 bytes, n32wb452_gpio.o(.text), UNUSED)

<P><STRONG><a name="[8b]"></a>GPIO_WriteBit</STRONG> (Thumb, 12 bytes, Stack size 0 bytes, n32wb452_gpio.o(.text), UNUSED)

<P><STRONG><a name="[8c]"></a>GPIO_Write</STRONG> (Thumb, 4 bytes, Stack size 0 bytes, n32wb452_gpio.o(.text), UNUSED)

<P><STRONG><a name="[8d]"></a>GPIO_ConfigPinLock</STRONG> (Thumb, 18 bytes, Stack size 0 bytes, n32wb452_gpio.o(.text), UNUSED)

<P><STRONG><a name="[8e]"></a>GPIO_ConfigEventOutput</STRONG> (Thumb, 20 bytes, Stack size 8 bytes, n32wb452_gpio.o(.text), UNUSED)

<P><STRONG><a name="[8f]"></a>GPIO_CtrlEventOutput</STRONG> (Thumb, 6 bytes, Stack size 0 bytes, n32wb452_gpio.o(.text), UNUSED)

<P><STRONG><a name="[90]"></a>GPIO_ConfigPinRemap</STRONG> (Thumb, 346 bytes, Stack size 24 bytes, n32wb452_gpio.o(.text), UNUSED)

<P><STRONG><a name="[91]"></a>GPIO_ConfigEXTILine</STRONG> (Thumb, 34 bytes, Stack size 8 bytes, n32wb452_gpio.o(.text), UNUSED)

<P><STRONG><a name="[92]"></a>RCC_DeInit</STRONG> (Thumb, 64 bytes, Stack size 0 bytes, n32wb452_rcc.o(.text), UNUSED)

<P><STRONG><a name="[93]"></a>RCC_ConfigHse</STRONG> (Thumb, 54 bytes, Stack size 8 bytes, n32wb452_rcc.o(.text), UNUSED)

<P><STRONG><a name="[6d]"></a>RCC_GetFlagStatus</STRONG> (Thumb, 42 bytes, Stack size 0 bytes, n32wb452_rcc.o(.text), UNUSED)
<BR><BR>[Called By]<UL><LI><a href="#[6c]">&gt;&gt;</a>&nbsp;&nbsp;&nbsp;RCC_WaitHseStable
</UL>

<P><STRONG><a name="[6c]"></a>RCC_WaitHseStable</STRONG> (Thumb, 50 bytes, Stack size 12 bytes, n32wb452_rcc.o(.text), UNUSED)
<BR><BR>[Calls]<UL><LI><a href="#[6d]">&gt;&gt;</a>&nbsp;&nbsp;&nbsp;RCC_GetFlagStatus
</UL>

<P><STRONG><a name="[94]"></a>RCC_SetHsiCalibValue</STRONG> (Thumb, 16 bytes, Stack size 0 bytes, n32wb452_rcc.o(.text), UNUSED)

<P><STRONG><a name="[95]"></a>RCC_EnableHsi</STRONG> (Thumb, 6 bytes, Stack size 0 bytes, n32wb452_rcc.o(.text), UNUSED)

<P><STRONG><a name="[96]"></a>RCC_ConfigPll</STRONG> (Thumb, 18 bytes, Stack size 8 bytes, n32wb452_rcc.o(.text), UNUSED)

<P><STRONG><a name="[97]"></a>RCC_EnablePll</STRONG> (Thumb, 8 bytes, Stack size 0 bytes, n32wb452_rcc.o(.text), UNUSED)

<P><STRONG><a name="[98]"></a>RCC_ConfigSysclk</STRONG> (Thumb, 14 bytes, Stack size 0 bytes, n32wb452_rcc.o(.text), UNUSED)

<P><STRONG><a name="[99]"></a>RCC_GetSysclkSrc</STRONG> (Thumb, 10 bytes, Stack size 0 bytes, n32wb452_rcc.o(.text), UNUSED)

<P><STRONG><a name="[9a]"></a>RCC_ConfigHclk</STRONG> (Thumb, 14 bytes, Stack size 0 bytes, n32wb452_rcc.o(.text), UNUSED)

<P><STRONG><a name="[9b]"></a>RCC_ConfigPclk1</STRONG> (Thumb, 16 bytes, Stack size 0 bytes, n32wb452_rcc.o(.text), UNUSED)

<P><STRONG><a name="[9c]"></a>RCC_ConfigPclk2</STRONG> (Thumb, 18 bytes, Stack size 0 bytes, n32wb452_rcc.o(.text), UNUSED)

<P><STRONG><a name="[9d]"></a>RCC_ConfigInt</STRONG> (Thumb, 22 bytes, Stack size 0 bytes, n32wb452_rcc.o(.text), UNUSED)

<P><STRONG><a name="[9e]"></a>RCC_ConfigUsbClk</STRONG> (Thumb, 12 bytes, Stack size 0 bytes, n32wb452_rcc.o(.text), UNUSED)

<P><STRONG><a name="[9f]"></a>RCC_ConfigTim18Clk</STRONG> (Thumb, 14 bytes, Stack size 0 bytes, n32wb452_rcc.o(.text), UNUSED)

<P><STRONG><a name="[a0]"></a>RCC_ConfigRngcClk</STRONG> (Thumb, 16 bytes, Stack size 0 bytes, n32wb452_rcc.o(.text), UNUSED)

<P><STRONG><a name="[a1]"></a>RCC_ConfigAdc1mClk</STRONG> (Thumb, 24 bytes, Stack size 8 bytes, n32wb452_rcc.o(.text), UNUSED)

<P><STRONG><a name="[a2]"></a>RCC_ConfigAdcPllClk</STRONG> (Thumb, 32 bytes, Stack size 8 bytes, n32wb452_rcc.o(.text), UNUSED)

<P><STRONG><a name="[a3]"></a>RCC_ConfigAdcHclk</STRONG> (Thumb, 14 bytes, Stack size 0 bytes, n32wb452_rcc.o(.text), UNUSED)

<P><STRONG><a name="[a4]"></a>RCC_ConfigTrng1mClk</STRONG> (Thumb, 26 bytes, Stack size 8 bytes, n32wb452_rcc.o(.text), UNUSED)

<P><STRONG><a name="[a5]"></a>RCC_EnableTrng1mClk</STRONG> (Thumb, 26 bytes, Stack size 0 bytes, n32wb452_rcc.o(.text), UNUSED)

<P><STRONG><a name="[a6]"></a>RCC_ConfigLse</STRONG> (Thumb, 30 bytes, Stack size 0 bytes, n32wb452_rcc.o(.text), UNUSED)

<P><STRONG><a name="[a7]"></a>RCC_EnableLsi</STRONG> (Thumb, 6 bytes, Stack size 0 bytes, n32wb452_rcc.o(.text), UNUSED)

<P><STRONG><a name="[a8]"></a>RCC_ConfigRtcClk</STRONG> (Thumb, 20 bytes, Stack size 0 bytes, n32wb452_rcc.o(.text), UNUSED)

<P><STRONG><a name="[a9]"></a>RCC_EnableRtcClk</STRONG> (Thumb, 8 bytes, Stack size 0 bytes, n32wb452_rcc.o(.text), UNUSED)

<P><STRONG><a name="[6e]"></a>RCC_GetClocksFreqValue</STRONG> (Thumb, 198 bytes, Stack size 16 bytes, n32wb452_rcc.o(.text), UNUSED)
<BR><BR>[Calls]<UL><LI><a href="#[6f]">&gt;&gt;</a>&nbsp;&nbsp;&nbsp;__aeabi_uidivmod
</UL>

<P><STRONG><a name="[aa]"></a>RCC_EnableAHBPeriphClk</STRONG> (Thumb, 22 bytes, Stack size 0 bytes, n32wb452_rcc.o(.text), UNUSED)

<P><STRONG><a name="[74]"></a>RCC_EnableAPB2PeriphClk</STRONG> (Thumb, 22 bytes, Stack size 0 bytes, n32wb452_rcc.o(.text))
<BR><BR>[Called By]<UL><LI><a href="#[73]">&gt;&gt;</a>&nbsp;&nbsp;&nbsp;LedInit
</UL>

<P><STRONG><a name="[ab]"></a>RCC_EnableAPB1PeriphClk</STRONG> (Thumb, 22 bytes, Stack size 0 bytes, n32wb452_rcc.o(.text), UNUSED)

<P><STRONG><a name="[ac]"></a>RCC_EnableAHBPeriphReset</STRONG> (Thumb, 22 bytes, Stack size 0 bytes, n32wb452_rcc.o(.text), UNUSED)

<P><STRONG><a name="[6a]"></a>RCC_EnableAPB2PeriphReset</STRONG> (Thumb, 22 bytes, Stack size 0 bytes, n32wb452_rcc.o(.text), UNUSED)
<BR><BR>[Called By]<UL><LI><a href="#[6b]">&gt;&gt;</a>&nbsp;&nbsp;&nbsp;GPIO_AFIOInitDefault
<LI><a href="#[69]">&gt;&gt;</a>&nbsp;&nbsp;&nbsp;GPIO_DeInit
</UL>

<P><STRONG><a name="[ad]"></a>RCC_EnableAPB1PeriphReset</STRONG> (Thumb, 22 bytes, Stack size 0 bytes, n32wb452_rcc.o(.text), UNUSED)

<P><STRONG><a name="[ae]"></a>RCC_EnableBORReset</STRONG> (Thumb, 24 bytes, Stack size 0 bytes, n32wb452_rcc.o(.text), UNUSED)

<P><STRONG><a name="[af]"></a>RCC_EnableBackupReset</STRONG> (Thumb, 8 bytes, Stack size 0 bytes, n32wb452_rcc.o(.text), UNUSED)

<P><STRONG><a name="[b0]"></a>RCC_EnableClockSecuritySystem</STRONG> (Thumb, 8 bytes, Stack size 0 bytes, n32wb452_rcc.o(.text), UNUSED)

<P><STRONG><a name="[b1]"></a>RCC_ConfigMcoPllClk</STRONG> (Thumb, 14 bytes, Stack size 0 bytes, n32wb452_rcc.o(.text), UNUSED)

<P><STRONG><a name="[b2]"></a>RCC_ConfigMco</STRONG> (Thumb, 18 bytes, Stack size 0 bytes, n32wb452_rcc.o(.text), UNUSED)

<P><STRONG><a name="[b3]"></a>RCC_ClrFlag</STRONG> (Thumb, 66 bytes, Stack size 0 bytes, n32wb452_rcc.o(.text), UNUSED)

<P><STRONG><a name="[b4]"></a>RCC_GetIntStatus</STRONG> (Thumb, 16 bytes, Stack size 0 bytes, n32wb452_rcc.o(.text), UNUSED)

<P><STRONG><a name="[b5]"></a>RCC_ClrIntPendingBit</STRONG> (Thumb, 6 bytes, Stack size 0 bytes, n32wb452_rcc.o(.text), UNUSED)

<P><STRONG><a name="[b6]"></a>RCC_SYSCLKConfigFromSTOP</STRONG> (Thumb, 200 bytes, Stack size 36 bytes, n32wb452_rcc.o(.text), UNUSED)

<P><STRONG><a name="[71]"></a>RCC_GetCurHSITrim</STRONG> (Thumb, 10 bytes, Stack size 0 bytes, n32wb452_rcc.o(.text), UNUSED)
<BR><BR>[Called By]<UL><LI><a href="#[70]">&gt;&gt;</a>&nbsp;&nbsp;&nbsp;RCC_ConfigHSITrim
</UL>

<P><STRONG><a name="[70]"></a>RCC_ConfigHSITrim</STRONG> (Thumb, 46 bytes, Stack size 8 bytes, n32wb452_rcc.o(.text), UNUSED)
<BR><BR>[Calls]<UL><LI><a href="#[71]">&gt;&gt;</a>&nbsp;&nbsp;&nbsp;RCC_GetCurHSITrim
<LI><a href="#[72]">&gt;&gt;</a>&nbsp;&nbsp;&nbsp;RCC_SetHSITrim
</UL>

<P><STRONG><a name="[79]"></a>Delay</STRONG> (Thumb, 10 bytes, Stack size 0 bytes, main.o(.text))
<BR><BR>[Called By]<UL><LI><a href="#[60]">&gt;&gt;</a>&nbsp;&nbsp;&nbsp;main
</UL>

<P><STRONG><a name="[73]"></a>LedInit</STRONG> (Thumb, 104 bytes, Stack size 16 bytes, main.o(.text))
<BR><BR>[Stack]<UL><LI>Max Depth = 36<LI>Call Chain = LedInit &rArr; GPIO_InitPeripheral
</UL>
<BR>[Calls]<UL><LI><a href="#[74]">&gt;&gt;</a>&nbsp;&nbsp;&nbsp;RCC_EnableAPB2PeriphClk
<LI><a href="#[75]">&gt;&gt;</a>&nbsp;&nbsp;&nbsp;GPIO_InitPeripheral
</UL>
<BR>[Called By]<UL><LI><a href="#[60]">&gt;&gt;</a>&nbsp;&nbsp;&nbsp;main
</UL>

<P><STRONG><a name="[76]"></a>LedOn</STRONG> (Thumb, 4 bytes, Stack size 0 bytes, main.o(.text))
<BR><BR>[Called By]<UL><LI><a href="#[60]">&gt;&gt;</a>&nbsp;&nbsp;&nbsp;main
</UL>

<P><STRONG><a name="[78]"></a>LedOff</STRONG> (Thumb, 4 bytes, Stack size 0 bytes, main.o(.text))
<BR><BR>[Called By]<UL><LI><a href="#[60]">&gt;&gt;</a>&nbsp;&nbsp;&nbsp;main
</UL>

<P><STRONG><a name="[7a]"></a>LedOnOff</STRONG> (Thumb, 4 bytes, Stack size 0 bytes, main.o(.text))
<BR><BR>[Called By]<UL><LI><a href="#[60]">&gt;&gt;</a>&nbsp;&nbsp;&nbsp;main
</UL>

<P><STRONG><a name="[77]"></a>LedBlink</STRONG> (Thumb, 8 bytes, Stack size 0 bytes, main.o(.text))
<BR><BR>[Called By]<UL><LI><a href="#[60]">&gt;&gt;</a>&nbsp;&nbsp;&nbsp;main
</UL>

<P><STRONG><a name="[60]"></a>main</STRONG> (Thumb, 88 bytes, Stack size 0 bytes, main.o(.text))
<BR><BR>[Stack]<UL><LI>Max Depth = 36<LI>Call Chain = main &rArr; LedInit &rArr; GPIO_InitPeripheral
</UL>
<BR>[Calls]<UL><LI><a href="#[77]">&gt;&gt;</a>&nbsp;&nbsp;&nbsp;LedBlink
<LI><a href="#[7a]">&gt;&gt;</a>&nbsp;&nbsp;&nbsp;LedOnOff
<LI><a href="#[78]">&gt;&gt;</a>&nbsp;&nbsp;&nbsp;LedOff
<LI><a href="#[76]">&gt;&gt;</a>&nbsp;&nbsp;&nbsp;LedOn
<LI><a href="#[73]">&gt;&gt;</a>&nbsp;&nbsp;&nbsp;LedInit
<LI><a href="#[79]">&gt;&gt;</a>&nbsp;&nbsp;&nbsp;Delay
</UL>
<BR>[Address Reference Count : 1]<UL><LI> entry9a.o(.ARM.Collect$$$$0000000B)
</UL>
<P><STRONG><a name="[1]"></a>NMI_Handler</STRONG> (Thumb, 2 bytes, Stack size 0 bytes, n32wb452_it.o(.text))
<BR>[Address Reference Count : 1]<UL><LI> startup_n32wb452.o(RESET)
</UL>
<P><STRONG><a name="[2]"></a>HardFault_Handler</STRONG> (Thumb, 2 bytes, Stack size 0 bytes, n32wb452_it.o(.text))
<BR><BR>[Calls]<UL><LI><a href="#[2]">&gt;&gt;</a>&nbsp;&nbsp;&nbsp;HardFault_Handler
</UL>
<BR>[Called By]<UL><LI><a href="#[2]">&gt;&gt;</a>&nbsp;&nbsp;&nbsp;HardFault_Handler
</UL>
<BR>[Address Reference Count : 1]<UL><LI> startup_n32wb452.o(RESET)
</UL>
<P><STRONG><a name="[3]"></a>MemManage_Handler</STRONG> (Thumb, 2 bytes, Stack size 0 bytes, n32wb452_it.o(.text))
<BR><BR>[Calls]<UL><LI><a href="#[3]">&gt;&gt;</a>&nbsp;&nbsp;&nbsp;MemManage_Handler
</UL>
<BR>[Called By]<UL><LI><a href="#[3]">&gt;&gt;</a>&nbsp;&nbsp;&nbsp;MemManage_Handler
</UL>
<BR>[Address Reference Count : 1]<UL><LI> startup_n32wb452.o(RESET)
</UL>
<P><STRONG><a name="[4]"></a>BusFault_Handler</STRONG> (Thumb, 2 bytes, Stack size 0 bytes, n32wb452_it.o(.text))
<BR><BR>[Calls]<UL><LI><a href="#[4]">&gt;&gt;</a>&nbsp;&nbsp;&nbsp;BusFault_Handler
</UL>
<BR>[Called By]<UL><LI><a href="#[4]">&gt;&gt;</a>&nbsp;&nbsp;&nbsp;BusFault_Handler
</UL>
<BR>[Address Reference Count : 1]<UL><LI> startup_n32wb452.o(RESET)
</UL>
<P><STRONG><a name="[5]"></a>UsageFault_Handler</STRONG> (Thumb, 2 bytes, Stack size 0 bytes, n32wb452_it.o(.text))
<BR><BR>[Calls]<UL><LI><a href="#[5]">&gt;&gt;</a>&nbsp;&nbsp;&nbsp;UsageFault_Handler
</UL>
<BR>[Called By]<UL><LI><a href="#[5]">&gt;&gt;</a>&nbsp;&nbsp;&nbsp;UsageFault_Handler
</UL>
<BR>[Address Reference Count : 1]<UL><LI> startup_n32wb452.o(RESET)
</UL>
<P><STRONG><a name="[6]"></a>SVC_Handler</STRONG> (Thumb, 2 bytes, Stack size 0 bytes, n32wb452_it.o(.text))
<BR>[Address Reference Count : 1]<UL><LI> startup_n32wb452.o(RESET)
</UL>
<P><STRONG><a name="[7]"></a>DebugMon_Handler</STRONG> (Thumb, 2 bytes, Stack size 0 bytes, n32wb452_it.o(.text))
<BR>[Address Reference Count : 1]<UL><LI> startup_n32wb452.o(RESET)
</UL>
<P><STRONG><a name="[9]"></a>SysTick_Handler</STRONG> (Thumb, 2 bytes, Stack size 0 bytes, n32wb452_it.o(.text))
<BR>[Address Reference Count : 1]<UL><LI> startup_n32wb452.o(RESET)
</UL>
<P><STRONG><a name="[b7]"></a>DMA_IRQ_HANDLER</STRONG> (Thumb, 2 bytes, Stack size 0 bytes, n32wb452_it.o(.text), UNUSED)

<P><STRONG><a name="[b8]"></a>__aeabi_uidiv</STRONG> (Thumb, 0 bytes, Stack size 12 bytes, uidiv.o(.text), UNUSED)

<P><STRONG><a name="[6f]"></a>__aeabi_uidivmod</STRONG> (Thumb, 44 bytes, Stack size 12 bytes, uidiv.o(.text), UNUSED)
<BR><BR>[Called By]<UL><LI><a href="#[6e]">&gt;&gt;</a>&nbsp;&nbsp;&nbsp;RCC_GetClocksFreqValue
</UL>

<P><STRONG><a name="[64]"></a>__scatterload</STRONG> (Thumb, 28 bytes, Stack size 0 bytes, init.o(.text))
<BR><BR>[Calls]<UL><LI><a href="#[7b]">&gt;&gt;</a>&nbsp;&nbsp;&nbsp;__main_after_scatterload
</UL>
<BR>[Called By]<UL><LI><a href="#[63]">&gt;&gt;</a>&nbsp;&nbsp;&nbsp;_main_scatterload
</UL>

<P><STRONG><a name="[b9]"></a>__scatterload_rt2</STRONG> (Thumb, 0 bytes, Stack size 0 bytes, init.o(.text), UNUSED)

<P><STRONG><a name="[ba]"></a>__scatterload_copy</STRONG> (Thumb, 14 bytes, Stack size unknown bytes, handlers.o(i.__scatterload_copy), UNUSED)

<P><STRONG><a name="[bb]"></a>__scatterload_null</STRONG> (Thumb, 2 bytes, Stack size unknown bytes, handlers.o(i.__scatterload_null), UNUSED)

<P><STRONG><a name="[bc]"></a>__scatterload_zeroinit</STRONG> (Thumb, 14 bytes, Stack size unknown bytes, handlers.o(i.__scatterload_zeroinit), UNUSED)
<P>
<H3>
Local Symbols
</H3>
<P><STRONG><a name="[39]"></a>RESERVE47_IRQHandler</STRONG> (Thumb, 0 bytes, Stack size 0 bytes, startup_n32wb452.o(.text))
<BR>[Address Reference Count : 1]<UL><LI> startup_n32wb452.o(RESET)
</UL>
<P><STRONG><a name="[3a]"></a>RESERVE48_IRQHandler</STRONG> (Thumb, 0 bytes, Stack size 0 bytes, startup_n32wb452.o(.text))
<BR>[Address Reference Count : 1]<UL><LI> startup_n32wb452.o(RESET)
</UL>
<P><STRONG><a name="[47]"></a>RESERVE61_IRQHandler</STRONG> (Thumb, 0 bytes, Stack size 0 bytes, startup_n32wb452.o(.text))
<BR>[Address Reference Count : 1]<UL><LI> startup_n32wb452.o(RESET)
</UL>
<P><STRONG><a name="[48]"></a>RESERVE62_IRQHandler</STRONG> (Thumb, 0 bytes, Stack size 0 bytes, startup_n32wb452.o(.text))
<BR>[Address Reference Count : 1]<UL><LI> startup_n32wb452.o(RESET)
</UL>
<P><STRONG><a name="[4d]"></a>RESERVE67_IRQHandler</STRONG> (Thumb, 0 bytes, Stack size 0 bytes, startup_n32wb452.o(.text))
<BR>[Address Reference Count : 1]<UL><LI> startup_n32wb452.o(RESET)
</UL>
<P><STRONG><a name="[5c]"></a>RESERVE82_IRQHandler</STRONG> (Thumb, 0 bytes, Stack size 0 bytes, startup_n32wb452.o(.text))
<BR>[Address Reference Count : 1]<UL><LI> startup_n32wb452.o(RESET)
</UL>
<P><STRONG><a name="[5d]"></a>RESERVE83_IRQHandler</STRONG> (Thumb, 0 bytes, Stack size 0 bytes, startup_n32wb452.o(.text))
<BR>[Address Reference Count : 1]<UL><LI> startup_n32wb452.o(RESET)
</UL>
<P><STRONG><a name="[5e]"></a>RESERVE84_IRQHandler</STRONG> (Thumb, 0 bytes, Stack size 0 bytes, startup_n32wb452.o(.text))
<BR>[Address Reference Count : 1]<UL><LI> startup_n32wb452.o(RESET)
</UL>
<P><STRONG><a name="[68]"></a>SetVDDDBKTrim</STRONG> (Thumb, 58 bytes, Stack size 16 bytes, system_n32wb452.o(.text))
<BR><BR>[Stack]<UL><LI>Max Depth = 16<LI>Call Chain = SetVDDDBKTrim
</UL>
<BR>[Called By]<UL><LI><a href="#[61]">&gt;&gt;</a>&nbsp;&nbsp;&nbsp;SystemInit
</UL>

<P><STRONG><a name="[67]"></a>SetSysClock</STRONG> (Thumb, 140 bytes, Stack size 8 bytes, system_n32wb452.o(.text))
<BR><BR>[Stack]<UL><LI>Max Depth = 8<LI>Call Chain = SetSysClock
</UL>
<BR>[Called By]<UL><LI><a href="#[61]">&gt;&gt;</a>&nbsp;&nbsp;&nbsp;SystemInit
</UL>

<P><STRONG><a name="[72]"></a>RCC_SetHSITrim</STRONG> (Thumb, 16 bytes, Stack size 0 bytes, n32wb452_rcc.o(.text), UNUSED)
<BR><BR>[Called By]<UL><LI><a href="#[70]">&gt;&gt;</a>&nbsp;&nbsp;&nbsp;RCC_ConfigHSITrim
</UL>
<P>
<H3>
Undefined Global Symbols
</H3>
<P><STRONG><a name="[66]"></a>__arm_fini_</STRONG> (Unknown, 0 bytes, Stack size 0 bytes, UNDEFINED)
<BR><BR>[Called By]<UL><LI><a href="#[65]">&gt;&gt;</a>&nbsp;&nbsp;&nbsp;__rt_lib_shutdown_fini
</UL>
<HR></body></html>
